.\data\SorachiHideaki\SorachiHideaki_11_001.png
.\data\OdaEiichiro\OdaEiichiro_13_048.png
.\data\OdaEiichiro\OdaEiichiro_13_041.png
.\data\KanariYozaburo\KanariYozaburo_25__058.png
.\data\OdaEiichiro\OdaEiichiro_35_05.png
.\data\KanariYozaburo\SatoFumiya_00_018.png
.\data\KanariYozaburo\KanariYozaburo_22_005.png
.\data\KanariYozaburo\KanariYozaburo_25__038.png
.\data\BLEACH\BLEACH_15_011.png
.\data\Conan\Conan_62_119_P_1.jpg
.\data\OdaEiichiro\OdaEiichiro_62_032.png
.\data\OdaEiichiro\OdaEiichiro_02_007.png
.\data\Naruto\Naruto_66_026.png
.\data\OdaEiichiro\OdaEiichiro_50_023.jpg
.\data\Naruto\Naruto_60_064_P_2.jpg
.\data\BLEACH\BLEACH_58_096_P_1.jpg
.\data\OdaEiichiro\OdaEiichiro_30_07.png
.\data\SorachiHideaki\SorachiHideaki_41_043.png
.\data\KanariYozaburo\SatoFumiya_00_037.png
.\data\SorachiHideaki\SorachiHideaki_41_039.png
.\data\OdaEiichiro\OdaEiichiro_50_005.jpg
.\data\Naruto\Naruto_28_024.png
.\data\BLEACH\BLEACH_52_093_P_1.jpg
.\data\Conan\Conan_68_026_P_1.jpg
.\data\SorachiHideaki\SorachiHideaki_41_020.PNG
.\data\Naruto\Naruto_66_030.png
.\data\SorachiHideaki\SorachiHideaki_11_014.png
.\data\Conan\Conan_68_158_P_1.jpg
.\data\BLEACH\BLEACH_41_032.png
.\data\Naruto\Naruto_66_060.png
.\data\OdaEiichiro\OdaEiichiro_27_01.png
.\data\Naruto\Naruto_52_054_P_3.jpg
.\data\KanariYozaburo\KanariYozaburo_25__018.png
.\data\Naruto\Naruto_29_0125_P_1.jpg
.\data\KanariYozaburo\SatoFumiya_20_030.png
.\data\Naruto\Naruto_66_020.png
.\data\Naruto\Naruto_36_0027_P_1.jpg
.\data\Conan\Conan_02_014.png
.\data\SorachiHideaki\SorachiHideaki_31_010.png
.\data\SorachiHideaki\SorachiHideaki_52_015.png
.\data\Naruto\Naruto_28_0054_P_2.jpg
.\data\SorachiHideaki\SorachiHideaki_32_002.jpg
.\data\OdaEiichiro\OdaEiichiro_50_018.jpg
.\data\OdaEiichiro\OdaEiichiro_01_015.jpg
.\data\OdaEiichiro\OdaEiichiro_01_002.jpg
.\data\SorachiHideaki\SorachiHideaki_41_047.PNG
.\data\KanariYozaburo\KanariYozaburo_25__009.png
.\data\Naruto\Naruto_34_068_P_3.jpg
.\data\SorachiHideaki\SorachiHideaki_JUMP10.png
.\data\Naruto\Naruto_38_021_P_1.jpg
.\data\SorachiHideaki\SorachiHideaki_51_015.png
.\data\Naruto\Naruto_65_019.png
.\data\SorachiHideaki\SorachiHideaki_32_001.jpg
.\data\Conan\Conan_02_022.png
.\data\OdaEiichiro\OdaEiichiro_62_061.png
.\data\Naruto\Naruto_66_056.png
.\data\OdaEiichiro\OdaEiichiro_01_007.jpg
.\data\Naruto\Naruto_65_001.png
.\data\BLEACH\BLEACH_74_029.png
.\data\OdaEiichiro\OdaEiichiro_62_036.png
.\data\SorachiHideaki\SorachiHideaki_04_049.png
.\data\Conan\Conan_61_083_P_1.jpg
.\data\BLEACH\BLEACH_74_039.png
.\data\KanariYozaburo\SatoFumiya_24_049.png
.\data\OdaEiichiro\OdaEiichiro_01_026.jpg
.\data\SorachiHideaki\SorachiHideaki_04_051.png
.\data\BLEACH\BLEACH_74_004.png
.\data\OdaEiichiro\OdaEiichiro_62_020.png
.\data\OdaEiichiro\OdaEiichiro_50_014.jpg
.\data\Naruto\Naruto_44_056_P_1.jpg
.\data\SorachiHideaki\SorachiHideaki_11_042.png
.\data\SorachiHideaki\SorachiHideaki_11_015.png
.\data\KanariYozaburo\KanariYozaburo_25__062.png
.\data\KanariYozaburo\SatoFumiya_00_007.png
.\data\Naruto\Naruto_28_010.png
.\data\KanariYozaburo\SatoFumiya_24_006.png
.\data\Conan\Conan_01_022.png
.\data\SorachiHideaki\SorachiHideaki_03_034.png
.\data\OdaEiichiro\OdaEiichiro_51_041.jpg
.\data\BLEACH\Image_004.png
.\data\SorachiHideaki\SorachiHideaki_11_041.png
.\data\KanariYozaburo\SatoFumiya_24_052.png
.\data\SorachiHideaki\SorachiHideaki_33_005.jpg
.\data\SorachiHideaki\SorachiHideaki_01_013.png
.\data\BLEACH\BLEACH_15_040.png
.\data\Conan\Conan_41_182_P_1.jpg
.\data\BLEACH\BLEACH_74_017.png
.\data\SorachiHideaki\SorachiHideaki_03_035.png
.\data\Naruto\Naruto_66_009.png
.\data\Conan\Conan_56_018_P_1.jpg
.\data\Conan\Conan_41_023_P_1.jpg
.\data\BLEACH\BLEACH_74_035.png
.\data\Conan\Conan_02_016.png
.\data\BLEACH\BLEACH_41_052.png
.\data\Naruto\Naruto_66_055.png
.\data\KanariYozaburo\KanariYozaburo_22_010.png
.\data\KanariYozaburo\SatoFumiya_24_015.png
.\data\KanariYozaburo\SatoFumiya_24_010.png
.\data\OdaEiichiro\OdaEiichiro_35_02.png
.\data\BLEACH\BLEACH_15_024.png
.\data\BLEACH\BLEACH_41_007.png
.\data\OdaEiichiro\OdaEiichiro_51_050.jpg
.\data\Conan\Conan_55_167_P_2.jpg
.\data\BLEACH\BLEACH_41_045.png
.\data\Conan\Conan_47_121_P_1.jpg
.\data\BLEACH\BLEACH_74_013.png
.\data\OdaEiichiro\OdaEiichiro_27_05.png
.\data\SorachiHideaki\SorachiHideaki_03_030.png
.\data\Naruto\Naruto_34_056_P_1.jpg
.\data\Conan\Conan_40_106_P_3.jpg
.\data\KanariYozaburo\KanariYozaburo_22_043.png
.\data\KanariYozaburo\KanariYozaburo_11_015.jpg
.\data\Naruto\Naruto_52_057_P_1.jpg
.\data\SorachiHideaki\SorachiHideaki_51_017.jpg
.\data\OdaEiichiro\OdaEiichiro_62_013.png
.\data\SorachiHideaki\SorachiHideaki_11_048.png
.\data\Naruto\Naruto_34_125_P_1.jpg
.\data\Naruto\Naruto_34_083_P_2.jpg
.\data\BLEACH\Image_053.png
.\data\Naruto\Naruto_65_013.png
.\data\SorachiHideaki\SorachiHideaki_11_023.png
.\data\Conan\Conan_01_004.png
.\data\OdaEiichiro\OdaEiichiro_62_018.png
.\data\BLEACH\BLEACH_43_006.png
.\data\Conan\Conan_62_107_P_1.jpg
.\data\OdaEiichiro\OdaEiichiro_26_19.png
.\data\Conan\Conan_01_006.png
.\data\OdaEiichiro\OdaEiichiro_30_09.png
.\data\Naruto\Naruto_50_122_P_1.jpg
.\data\BLEACH\Image_039.png
.\data\BLEACH\BLEACH_15_001.png
.\data\BLEACH\Image_006.png
.\data\OdaEiichiro\OdaEiichiro_62_040.png
.\data\BLEACH\BLEACH_15_022.png
.\data\OdaEiichiro\OdaEiichiro_31_02.png
.\data\OdaEiichiro\OdaEiichiro_02_001.png
.\data\SorachiHideaki\SorachiHideaki_03_039.png
.\data\Conan\Conan_62_125_P_1.jpg
.\data\KanariYozaburo\SatoFumiya_21_057.png
.\data\Naruto\Naruto_28_034.png
.\data\Conan\Conan_65_074_P_1.jpg
.\data\OdaEiichiro\OdaEiichiro_51_043.jpg
.\data\Naruto\Naruto_44_110_P_1.jpg
.\data\Naruto\Naruto_31_022_P_1.jpg
.\data\Naruto\Naruto_48_009_P_3.jpg
.\data\Naruto\Naruto_48_093_P_1.jpg
.\data\Conan\Conan_65_085_P_1.jpg
.\data\Conan\Conan_67_094_P_1.jpg
.\data\OdaEiichiro\OdaEiichiro_36_03.png
.\data\Naruto\Naruto_66_067.png
.\data\Conan\Conan_42_031_P_1.jpg
.\data\SorachiHideaki\SorachiHideaki_11_031.png
.\data\Conan\Conan_54_062_P_1.jpg
.\data\Naruto\Naruto_32_016_P_1.jpg
.\data\BLEACH\BLEACH_41_043.png
.\data\BLEACH\BLEACH_74_019.png
.\data\BLEACH\BLEACH_41_024.png
.\data\Conan\Conan_01_014.png
.\data\BLEACH\Image_050.png
.\data\Naruto\Naruto_66_041.png
.\data\Naruto\Naruto_52_190_P_1.jpg
.\data\Conan\Conan_65_005_P_1.jpg
.\data\SorachiHideaki\SorachiHideaki_11_013.png
.\data\KanariYozaburo\KanariYozaburo_25__045.png
.\data\OdaEiichiro\OdaEiichiro_62_062.png
.\data\OdaEiichiro\OdaEiichiro_26_04.png
.\data\BLEACH\BLEACH_42_009.png
.\data\BLEACH\BLEACH_74_034.png
.\data\OdaEiichiro\OdaEiichiro_02_022.png
.\data\Naruto\Naruto_28_063.png
.\data\OdaEiichiro\OdaEiichiro_61_004.PNG
.\data\KanariYozaburo\SatoFumiya_20_032.png
.\data\SorachiHideaki\SorachiHideaki_04_055.png
.\data\KanariYozaburo\KanariYozaburo_11_018.jpg
.\data\Naruto\Naruto_28_064.png
.\data\Conan\Conan_67_112_P_1.jpg
.\data\Naruto\Naruto_65_027.png
.\data\OdaEiichiro\OdaEiichiro_62_053.png
.\data\KanariYozaburo\KanariYozaburo_22_024.png
.\data\OdaEiichiro\OdaEiichiro_26_12.png
.\data\SorachiHideaki\SorachiHideaki_11_025.png
.\data\KanariYozaburo\SatoFumiya_00_039.png
.\data\SorachiHideaki\SorachiHideaki_JUMP07.png
.\data\Conan\Conan_68_168_P_1.jpg
.\data\BLEACH\BLEACH_69_062_P_1.png
.\data\KanariYozaburo\SatoFumiya_20_019.png
.\data\Conan\Conan_66_162_P_1.jpg
.\data\Naruto\Naruto_35_108_P_1.jpg
.\data\Naruto\Naruto_66_024.png
.\data\Naruto\Naruto_54_173_P_1.jpg
.\data\Naruto\Naruto_28_016.png
.\data\BLEACH\BLEACH_42_026.png
.\data\KanariYozaburo\KanariYozaburo_22_017.png
.\data\KanariYozaburo\SatoFumiya_00_008.png
.\data\SorachiHideaki\SorachiHideaki_41_042.PNG