.\data\OdaEiichiro\OdaEiichiro_60_004.PNG
.\data\BLEACH\BLEACH_15_007.png
.\data\SorachiHideaki\SorachiHideaki_JUMP11.png
.\data\OdaEiichiro\OdaEiichiro_60_003.PNG
.\data\KanariYozaburo\KanariYozaburo_22_018.png
.\data\BLEACH\Image_011.png
.\data\Conan\Conan_51_024_P_1.jpg
.\data\Naruto\Naruto_28_046.png
.\data\OdaEiichiro\OdaEiichiro_12_029.png
.\data\Naruto\Naruto_44_024_P_1.jpg
.\data\KanariYozaburo\KanariYozaburo_25__061.png
.\data\OdaEiichiro\OdaEiichiro_29_05.png
.\data\KanariYozaburo\KanariYozaburo_22_050.png
.\data\OdaEiichiro\OdaEiichiro_62_045.png
.\data\Conan\Conan_66_145_P_1.jpg
.\data\Naruto\Naruto_66_028.png
.\data\BLEACH\BLEACH_15_044.png
.\data\OdaEiichiro\OdaEiichiro_27_03.png
.\data\OdaEiichiro\OdaEiichiro_62_038.png
.\data\OdaEiichiro\OdaEiichiro_29_04.png
.\data\KanariYozaburo\SatoFumiya_20_018.png
.\data\Conan\Conan_67_147_P_1.jpg
.\data\Naruto\Naruto_34_157_P_1.jpg
.\data\KanariYozaburo\SatoFumiya_00_053.png
.\data\SorachiHideaki\SorachiHideaki_41_012.PNG
.\data\BLEACH\Image_022.png
.\data\Naruto\Naruto_28_055.png
.\data\Conan\Conan_01_029.png
.\data\Naruto\Naruto_28_072.png
.\data\Naruto\Naruto_65_024.png
.\data\OdaEiichiro\OdaEiichiro_02_015.png
.\data\SorachiHideaki\SorachiHideaki_11_047.png
.\data\BLEACH\BLEACH_15_052.png
.\data\BLEACH\BLEACH_43_015.png
.\data\BLEACH\BLEACH_42_011.png
.\data\Naruto\Naruto_51_180_P_1.jpg
.\data\KanariYozaburo\KanariYozaburo_22_006.png
.\data\SorachiHideaki\SorachiHideaki_41_030.PNG
.\data\BLEACH\Image_029.png
.\data\KanariYozaburo\SatoFumiya_20_016.png
.\data\KanariYozaburo\KanariYozaburo_25__030.png
.\data\OdaEiichiro\OdaEiichiro_34_02.png
.\data\KanariYozaburo\SatoFumiya_00_005.png
.\data\OdaEiichiro\OdaEiichiro_11_007.png
.\data\KanariYozaburo\SatoFumiya_24_035.png
.\data\Conan\Conan_60_087_P_2.jpg
.\data\OdaEiichiro\OdaEiichiro_62_041.png
.\data\Conan\Conan_46_055_P_1.jpg
.\data\OdaEiichiro\OdaEiichiro_50_001.PNG
.\data\OdaEiichiro\OdaEiichiro_62_047.png
.\data\BLEACH\BLEACH_58_187_P_1.jpg
.\data\Conan\Conan_68_009_P_1.jpg
.\data\OdaEiichiro\OdaEiichiro_01_001.jpg
.\data\KanariYozaburo\SatoFumiya_00_012.png
.\data\Conan\Conan_40_093_P_1.jpg
.\data\BLEACH\BLEACH_74_037.png
.\data\Naruto\Naruto_52_028_P_2.jpg
.\data\KanariYozaburo\KanariYozaburo_25__065.png
.\data\Naruto\Naruto_31_138+139_P_1.jpg
.\data\Naruto\Naruto_35_083_P_1.jpg
.\data\OdaEiichiro\OdaEiichiro_12_035.png
.\data\BLEACH\BLEACH_65_164_P_1.jpg
.\data\KanariYozaburo\KanariYozaburo_25__049.png
.\data\Conan\Conan_02_006.png
.\data\Naruto\Naruto_29_0069_P_1.jpg
.\data\Conan\Conan_62_087_P_1.jpg
.\data\Naruto\Naruto_66_061.png
.\data\KanariYozaburo\KanariYozaburo_11_023.jpg
.\data\OdaEiichiro\OdaEiichiro_11_017.png
.\data\Naruto\Naruto_34_136_P_1.jpg
.\data\SorachiHideaki\SorachiHideaki_31_012.png
.\data\OdaEiichiro\OdaEiichiro_62_067.png
.\data\KanariYozaburo\SatoFumiya_24_031.png
.\data\KanariYozaburo\SatoFumiya_24_022.png
.\data\Conan\Conan_02_027.png
.\data\Conan\Conan_56_066_P_1.jpg
.\data\Conan\Conan_69_032_P_1.jpg
.\data\BLEACH\BLEACH_42_018.png
.\data\KanariYozaburo\SatoFumiya_21_035.png
.\data\Naruto\Naruto_28_048.png
.\data\Conan\Conan_70_083_P_1.jpg
.\data\KanariYozaburo\KanariYozaburo_11_030.jpg
.\data\OdaEiichiro\OdaEiichiro_01_022.jpg
.\data\KanariYozaburo\KanariYozaburo_11_009.jpg
.\data\Conan\Conan_47_056_P_1.jpg
.\data\Conan\Conan_02_010.png
.\data\Naruto\Naruto_30_0025_P_1.jpg
.\data\BLEACH\BLEACH_47_022_P_2.jpg
.\data\OdaEiichiro\OdaEiichiro_62_029.png
.\data\OdaEiichiro\OdaEiichiro_12_037.png
.\data\Conan\Conan_63_142_P_1.jpg
.\data\SorachiHideaki\SorachiHideaki_11_045.png
.\data\KanariYozaburo\SatoFumiya_24_042.png
.\data\Naruto\Naruto_28_068.png
.\data\BLEACH\BLEACH_42_012.png
.\data\OdaEiichiro\OdaEiichiro_02_023.png
.\data\OdaEiichiro\OdaEiichiro_30_10.png
.\data\SorachiHideaki\SorachiHideaki_33_006.png
.\data\Conan\Conan_01_020.png
.\data\BLEACH\BLEACH_41_031.png
.\data\BLEACH\BLEACH_74_036.png
.\data\BLEACH\BLEACH_16_001.png
.\data\Naruto\Naruto_28_031.png
.\data\KanariYozaburo\SatoFumiya_20_023.png
.\data\OdaEiichiro\OdaEiichiro_02_019.png
.\data\Conan\Conan_63_006_P_1.jpg
.\data\BLEACH\BLEACH_15_032.png
.\data\BLEACH\BLEACH_41_051.png
.\data\KanariYozaburo\SatoFumiya_20_004.png
.\data\OdaEiichiro\OdaEiichiro_62_069.png
.\data\KanariYozaburo\KanariYozaburo_25__040.png
.\data\Conan\Conan_68_167_P_1.jpg
.\data\Naruto\Naruto_35_111_P_1.jpg
.\data\KanariYozaburo\KanariYozaburo_11_019.jpg
.\data\BLEACH\BLEACH_41_004.png
.\data\OdaEiichiro\OdaEiichiro_62_068.png
.\data\Naruto\Naruto_28_0054_P_1.jpg
.\data\OdaEiichiro\OdaEiichiro_50_013.jpg
.\data\BLEACH\BLEACH_15_056.png
.\data\Conan\Conan_68_178_P_1.jpg
.\data\OdaEiichiro\OdaEiichiro_55_001.PNG
.\data\OdaEiichiro\OdaEiichiro_28_02.png
.\data\Naruto\Naruto_28_065.png
.\data\SorachiHideaki\SorachiHideaki_04_048.png
.\data\Naruto\Naruto_66_025.png
.\data\KanariYozaburo\SatoFumiya_21_040.png
.\data\Conan\Conan_67_107_P_1.jpg
.\data\KanariYozaburo\SatoFumiya_24_044.png
.\data\Conan\Conan_68_148_P_2.jpg
.\data\Conan\Conan_62_147_P_1.jpg
.\data\Naruto\Naruto_33_0070_P_1.jpg
.\data\KanariYozaburo\KanariYozaburo_11_045.jpg
.\data\Conan\Conan_64_072_P_1.jpg
.\data\OdaEiichiro\OdaEiichiro_01_025.jpg
.\data\BLEACH\BLEACH_15_012.png
.\data\OdaEiichiro\OdaEiichiro_62_007.png
.\data\SorachiHideaki\SorachiHideaki_52_012.png
.\data\Conan\Conan_55_134_P_1.jpg
.\data\BLEACH\BLEACH_15_003.png
.\data\Conan\Conan_65_009_P_4.jpg
.\data\OdaEiichiro\OdaEiichiro_51_003.PNG
.\data\Naruto\Naruto_32_110_P_1.jpg
.\data\OdaEiichiro\OdaEiichiro_62_055.png
.\data\KanariYozaburo\KanariYozaburo_22_022.png
.\data\KanariYozaburo\KanariYozaburo_22_035.png
.\data\SorachiHideaki\SorachiHideaki_02_016.png
.\data\BLEACH\Image_009.png
.\data\BLEACH\BLEACH_43_012.png
.\data\SorachiHideaki\SorachiHideaki_04_050.png
.\data\KanariYozaburo\SatoFumiya_00_057.png
.\data\KanariYozaburo\KanariYozaburo_11_006.jpg
.\data\BLEACH\BLEACH_41_038.png
.\data\SorachiHideaki\SorachiHideaki_31_001.png
.\data\Naruto\Naruto_36_0030_P_3.jpg
.\data\Naruto\Naruto_66_034.png
.\data\Naruto\Naruto_30_0179_P_1.jpg
.\data\SorachiHideaki\SorachiHideaki_52_001.png
.\data\OdaEiichiro\OdaEiichiro_57_002.PNG
.\data\KanariYozaburo\SatoFumiya_00_031.png
.\data\BLEACH\Image_046.png
.\data\SorachiHideaki\SorachiHideaki_41_002.PNG
.\data\Conan\Conan_65_077_P_1.jpg
.\data\KanariYozaburo\KanariYozaburo_11_041.jpg
.\data\Naruto\Naruto_66_007.png
.\data\KanariYozaburo\SatoFumiya_00_032.png
.\data\Conan\Conan_62_007_P_1.jpg
.\data\Conan\Conan_64_057_P_2.jpg
.\data\OdaEiichiro\OdaEiichiro_50_025.jpg
.\data\KanariYozaburo\KanariYozaburo_25__031.png
.\data\OdaEiichiro\OdaEiichiro_13_042.png
.\data\KanariYozaburo\SatoFumiya_21_053.png
.\data\OdaEiichiro\OdaEiichiro_11_013.png
.\data\Naruto\Naruto_28_027.png
.\data\SorachiHideaki\SorachiHideaki_01_007.png
.\data\OdaEiichiro\OdaEiichiro_62_031.png
.\data\KanariYozaburo\SatoFumiya_20_021.png
.\data\KanariYozaburo\SatoFumiya_00_022.png
.\data\OdaEiichiro\OdaEiichiro_01_024.jpg
.\data\KanariYozaburo\SatoFumiya_21_043.png
.\data\OdaEiichiro\OdaEiichiro_35_01.png
.\data\SorachiHideaki\SorachiHideaki_51_010.png
.\data\KanariYozaburo\KanariYozaburo_25__060.png
.\data\BLEACH\BLEACH_42_015.png
.\data\Naruto\Naruto_35_126_P_1.jpg
.\data\KanariYozaburo\KanariYozaburo_11_025.jpg
.\data\Conan\Conan_68_025_P_1.jpg
.\data\OdaEiichiro\OdaEiichiro_50_024.jpg
.\data\Naruto\Naruto_52_050_P_2.jpg
.\data\BLEACH\BLEACH_41_030.png
.\data\SorachiHideaki\SorachiHideaki_02_018.png
.\data\BLEACH\BLEACH_44_065_P_1.jpg
.\data\Naruto\Naruto_28_004.png
.\data\Naruto\Naruto_44_181_P_1.jpg
.\data\KanariYozaburo\SatoFumiya_21_052.png
.\data\SorachiHideaki\SorachiHideaki_JUMP02.png
.\data\KanariYozaburo\KanariYozaburo_11_039.jpg
.\data\Naruto\Naruto_34_070_P_1.jpg
.\data\Naruto\Naruto_65_012.png
.\data\Naruto\Naruto_65_009.png
.\data\Naruto\Naruto_32_042_P_1.jpg
.\data\OdaEiichiro\OdaEiichiro_14_051.png
.\data\KanariYozaburo\KanariYozaburo_11_020.jpg
.\data\Naruto\Naruto_66_058.png
.\data\OdaEiichiro\OdaEiichiro_36_02.png
.\data\Conan\Conan_64_162_P_1.jpg
.\data\OdaEiichiro\OdaEiichiro_50_006.jpg
.\data\Conan\Conan_40_070_P_1.jpg
.\data\BLEACH\Image_017.png
.\data\Naruto\Naruto_59_051_P_1.jpg
.\data\KanariYozaburo\KanariYozaburo_11_022.jpg
.\data\SorachiHideaki\SorachiHideaki_41_006.PNG
.\data\KanariYozaburo\KanariYozaburo_22_012.png
.\data\KanariYozaburo\KanariYozaburo_22_045.png
.\data\SorachiHideaki\SorachiHideaki_41_025.PNG
.\data\KanariYozaburo\KanariYozaburo_25__034.png
.\data\Conan\Conan_64_073_P_1.jpg
.\data\KanariYozaburo\SatoFumiya_24_014.png
.\data\KanariYozaburo\SatoFumiya_24_036.png
.\data\OdaEiichiro\OdaEiichiro_35_06.png
.\data\KanariYozaburo\SatoFumiya_24_018.png
.\data\Conan\Conan_02_024.png
.\data\KanariYozaburo\KanariYozaburo_25__025.png
.\data\KanariYozaburo\SatoFumiya_00_051.png
.\data\OdaEiichiro\OdaEiichiro_62_017.png
.\data\BLEACH\Image_052.png
.\data\KanariYozaburo\SatoFumiya_00_026.png
.\data\BLEACH\BLEACH_15_014.png
.\data\KanariYozaburo\SatoFumiya_00_028.png
.\data\OdaEiichiro\OdaEiichiro_57_005.PNG
.\data\KanariYozaburo\SatoFumiya_20_013.png
.\data\Conan\Conan_01_016.png
.\data\Naruto\Naruto_66_031.png
.\data\Naruto\Naruto_66_059.png
.\data\BLEACH\BLEACH_56_175_P_1.jpg
.\data\KanariYozaburo\KanariYozaburo_22_001.png
.\data\Naruto\Naruto_31_151_P_1.jpg
.\data\KanariYozaburo\KanariYozaburo_25__010.png
.\data\KanariYozaburo\KanariYozaburo_25__001.png
.\data\BLEACH\BLEACH_73_164_P_1.jpg
.\data\Conan\Conan_63_063_P_1.jpg
.\data\Conan\Conan_41_147_P_1.jpg
.\data\Conan\Conan_01_027.png
.\data\Conan\Conan_02_017.png
.\data\Naruto\Naruto_66_043.png
.\data\KanariYozaburo\SatoFumiya_00_035.png
.\data\KanariYozaburo\SatoFumiya_20_008.png
.\data\BLEACH\BLEACH_15_017.png
.\data\Naruto\Naruto_28_058.png
.\data\Naruto\Naruto_33_0036_P_1.jpg
.\data\KanariYozaburo\SatoFumiya_21_047.png
.\data\BLEACH\BLEACH_74_003.png
.\data\BLEACH\BLEACH_46_154_P_2.jpg
.\data\Naruto\Naruto_33_0159_P_1.jpg
.\data\Conan\Conan_02_003.png
.\data\BLEACH\BLEACH_58_197_P_1.jpg
.\data\Conan\Conan_48_120_P_1.jpg
.\data\KanariYozaburo\SatoFumiya_00_019.png
.\data\Naruto\Naruto_28_0167_P_1.jpg
.\data\KanariYozaburo\KanariYozaburo_22_058.png
.\data\SorachiHideaki\SorachiHideaki_11_034.png
.\data\KanariYozaburo\KanariYozaburo_11_037.jpg
.\data\Naruto\Naruto_66_032.png
.\data\KanariYozaburo\KanariYozaburo_22_009.png
.\data\BLEACH\Image_030.png
.\data\KanariYozaburo\KanariYozaburo_22_059.png
.\data\SorachiHideaki\SorachiHideaki_11_016.png
.\data\SorachiHideaki\SorachiHideaki_11_009.png
.\data\OdaEiichiro\OdaEiichiro_62_080.png
.\data\BLEACH\BLEACH_41_050.png
.\data\OdaEiichiro\OdaEiichiro_56_002.PNG
.\data\OdaEiichiro\OdaEiichiro_01_012.jpg
.\data\OdaEiichiro\OdaEiichiro_12_023.png
.\data\OdaEiichiro\OdaEiichiro_34_04.png
.\data\OdaEiichiro\OdaEiichiro_62_016.png
.\data\OdaEiichiro\OdaEiichiro_29_13.png
.\data\SorachiHideaki\SorachiHideaki_02_027.png
.\data\BLEACH\BLEACH_67_003_P_1.PNG
.\data\SorachiHideaki\SorachiHideaki_31_003.png
.\data\OdaEiichiro\OdaEiichiro_26_06.png
.\data\OdaEiichiro\OdaEiichiro_62_023.png
.\data\OdaEiichiro\OdaEiichiro_12_021.png
.\data\Naruto\Naruto_35_049_P_1.jpg
.\data\OdaEiichiro\OdaEiichiro_11_018.png
.\data\KanariYozaburo\SatoFumiya_00_002.png
.\data\BLEACH\BLEACH_15_026.png
.\data\BLEACH\BLEACH_41_025.png
.\data\OdaEiichiro\OdaEiichiro_02_020.png
.\data\BLEACH\BLEACH_15_028.png
.\data\Naruto\Naruto_28_039.png
.\data\Conan\Conan_45_039_P_1.jpg
.\data\Conan\Conan_46_091_P_1.jpg
.\data\Naruto\Naruto_29_0011_P_1.jpg
.\data\BLEACH\BLEACH_74_018.png
.\data\Naruto\Naruto_66_017.png
.\data\SorachiHideaki\SorachiHideaki_31_014.png
.\data\Conan\Conan_69_007_P_1.jpg
.\data\KanariYozaburo\KanariYozaburo_22_044.png
.\data\Naruto\Naruto_28_025.png
.\data\OdaEiichiro\OdaEiichiro_27_08.png
.\data\KanariYozaburo\SatoFumiya_24_026.png
.\data\BLEACH\BLEACH_42_007.png
.\data\Naruto\Naruto_46_0135_P_2.jpg
.\data\Conan\Conan_64_168_P_1.jpg
.\data\Conan\Conan_02_004.png
.\data\Naruto\Naruto_66_050.png
.\data\Conan\Conan_02_039.png
.\data\Naruto\Naruto_30_0082_P_1.jpg
.\data\SorachiHideaki\SorachiHideaki_34_006.png
.\data\Conan\Conan_56_020_P_2.jpg
.\data\OdaEiichiro\OdaEiichiro_62_054.png
.\data\BLEACH\BLEACH_69_003_P_1.png
.\data\KanariYozaburo\SatoFumiya_21_034.png
.\data\SorachiHideaki\SorachiHideaki_11_044.png
.\data\SorachiHideaki\SorachiHideaki_41_028.PNG
.\data\BLEACH\Image_033.png
.\data\BLEACH\BLEACH_15_005.png
.\data\BLEACH\BLEACH_15_009.png
.\data\BLEACH\BLEACH_46_035_P_2.jpg
.\data\Conan\Conan_61_084_P_1.jpg
.\data\BLEACH\BLEACH_42_028.png
.\data\BLEACH\BLEACH_74_033.png
.\data\Naruto\Naruto_33_0121_P_1.jpg
.\data\KanariYozaburo\KanariYozaburo_25__022.png
.\data\SorachiHideaki\SorachiHideaki_04_056.png
.\data\Naruto\Naruto_35_109_P_1.jpg
.\data\BLEACH\Image_035.png
.\data\Naruto\Naruto_31_134_P_1.jpg
.\data\Naruto\Naruto_33_0109_P_1.jpg
.\data\Naruto\Naruto_66_016.png
.\data\SorachiHideaki\SorachiHideaki_34_008.png
.\data\SorachiHideaki\SorachiHideaki_41_021.png
.\data\Naruto\Naruto_28_047.png
.\data\Naruto\Naruto_66_013.png
.\data\Naruto\Naruto_65_011.png
.\data\BLEACH\BLEACH_41_044.png
.\data\Naruto\Naruto_66_019.png
.\data\BLEACH\BLEACH_41_006.png
.\data\Naruto\Naruto_32_169_P_1.jpg
.\data\Conan\Conan_42_058_P_1.jpg
.\data\OdaEiichiro\OdaEiichiro_53_005.PNG
.\data\SorachiHideaki\SorachiHideaki_31_004.png
.\data\KanariYozaburo\KanariYozaburo_22_016.png
.\data\Naruto\Naruto_28_062.png
.\data\BLEACH\BLEACH_41_053.png
.\data\BLEACH\BLEACH_42_010.png
.\data\OdaEiichiro\OdaEiichiro_12_027.png
.\data\Naruto\Naruto_28_059.png
.\data\KanariYozaburo\KanariYozaburo_25__024.png
.\data\BLEACH\BLEACH_42_025.png
.\data\KanariYozaburo\KanariYozaburo_25__028.png
.\data\KanariYozaburo\SatoFumiya_00_003.png
.\data\OdaEiichiro\OdaEiichiro_62_048.png
.\data\Naruto\Naruto_28_049.png
.\data\Naruto\Naruto_66_004.png
.\data\Conan\Conan_02_008.png
.\data\KanariYozaburo\KanariYozaburo_22_002.png
.\data\BLEACH\Image_028.png
.\data\Conan\Conan_65_012_P_2.jpg
.\data\SorachiHideaki\SorachiHideaki_55_007.jpg
.\data\Conan\Conan_61_069_P_1.jpg
.\data\BLEACH\BLEACH_15_039.png
.\data\KanariYozaburo\SatoFumiya_00_004.png
.\data\OdaEiichiro\OdaEiichiro_62_025.png
.\data\BLEACH\BLEACH_15_010.png
.\data\Conan\Conan_45_056_P_1.jpg
.\data\SorachiHideaki\SorachiHideaki_01_012.png
.\data\BLEACH\BLEACH_43_004.png
.\data\SorachiHideaki\SorachiHideaki_JUMP01.png
.\data\Naruto\Naruto_50_121_P_1.jpg
.\data\SorachiHideaki\SorachiHideaki_33_004.jpg
.\data\OdaEiichiro\OdaEiichiro_31_01.png
.\data\KanariYozaburo\SatoFumiya_00_010.png
.\data\OdaEiichiro\OdaEiichiro_60_007.PNG
.\data\Conan\Conan_62_128_P_2.jpg
.\data\KanariYozaburo\SatoFumiya_20_001.png
.\data\SorachiHideaki\SorachiHideaki_01_008.png
.\data\Conan\Conan_02_009.png
.\data\Conan\Conan_68_044_P_2.jpg
.\data\SorachiHideaki\SorachiHideaki_41_011.PNG
.\data\BLEACH\BLEACH_54_123_P_1.jpg
.\data\OdaEiichiro\OdaEiichiro_62_051.png
.\data\Conan\Conan_43_025_P_1.jpg
.\data\OdaEiichiro\OdaEiichiro_53_004.PNG
.\data\OdaEiichiro\OdaEiichiro_62_043.png
.\data\SorachiHideaki\SorachiHideaki_03_043.png
.\data\BLEACH\BLEACH_65_126_P_1.jpg
.\data\Conan\Conan_65_077_P_2.jpg
.\data\OdaEiichiro\OdaEiichiro_11_016.png
.\data\Naruto\Naruto_34_105_P_1.jpg
.\data\BLEACH\BLEACH_15_013.png
.\data\BLEACH\BLEACH_74_010.png
.\data\Naruto\Naruto_34_048_P_1.jpg
.\data\BLEACH\Image_016.png
.\data\KanariYozaburo\KanariYozaburo_25__043.png
.\data\Conan\Conan_43_008_P_1.jpg
.\data\Naruto\Naruto_28_032.png
.\data\Naruto\Naruto_29_0154_P_1.jpg
.\data\Conan\Conan_44_091_P_3.jpg
.\data\BLEACH\BLEACH_44_096_P_2.jpg
.\data\Naruto\Naruto_48_025_P_1.jpg
.\data\KanariYozaburo\SatoFumiya_20_015.png
.\data\Naruto\Naruto_65_014.png
.\data\SorachiHideaki\SorachiHideaki_31_015.jpg
.\data\OdaEiichiro\OdaEiichiro_12_022.png
.\data\Conan\Conan_01_015.png
.\data\Naruto\Naruto_43_120_P_1.JPG
.\data\KanariYozaburo\KanariYozaburo_22_042.png
.\data\OdaEiichiro\OdaEiichiro_50_016.jpg
.\data\OdaEiichiro\OdaEiichiro_01_003.jpg
.\data\Naruto\Naruto_66_022.png
.\data\BLEACH\BLEACH_72_164_P_1.jpg
.\data\OdaEiichiro\OdaEiichiro_11_020.png
.\data\BLEACH\BLEACH_69_050_P_1.png
.\data\Conan\Conan_63_163_P_1.jpg
.\data\SorachiHideaki\SorachiHideaki_35_006.png
.\data\OdaEiichiro\OdaEiichiro_01_006.jpg
.\data\Conan\Conan_02_021.png
.\data\BLEACH\BLEACH_43_010.png
.\data\BLEACH\BLEACH_41_034.png
.\data\Naruto\Naruto_28_053.png
.\data\KanariYozaburo\KanariYozaburo_25__035.png
.\data\SorachiHideaki\SorachiHideaki_52_009.jpg
.\data\Naruto\Naruto_65_015.png
.\data\BLEACH\BLEACH_42_002.png
.\data\BLEACH\BLEACH_43_007.png
.\data\BLEACH\BLEACH_41_013.png
.\data\Conan\Conan_48_018_P_1.jpg
.\data\Naruto\Naruto_28_042.png
.\data\OdaEiichiro\OdaEiichiro_28_04.png
.\data\Naruto\Naruto_66_037.png
.\data\OdaEiichiro\OdaEiichiro_33_01.png
.\data\KanariYozaburo\SatoFumiya_00_011.png
.\data\OdaEiichiro\OdaEiichiro_55_002.PNG
.\data\BLEACH\BLEACH_42_001.png
.\data\OdaEiichiro\OdaEiichiro_02_012.png
.\data\BLEACH\Image_036.png
.\data\KanariYozaburo\KanariYozaburo_22_037.png
.\data\KanariYozaburo\KanariYozaburo_11_053.jpg
.\data\OdaEiichiro\OdaEiichiro_53_002.PNG
.\data\BLEACH\BLEACH_42_022.png
.\data\OdaEiichiro\OdaEiichiro_36_08.png
.\data\KanariYozaburo\KanariYozaburo_25__029.png
.\data\OdaEiichiro\OdaEiichiro_11_010.png
.\data\OdaEiichiro\OdaEiichiro_50_030.jpg
.\data\BLEACH\BLEACH_42_003.png
.\data\SorachiHideaki\SorachiHideaki_11_005.png
.\data\Naruto\Naruto_34_020_P_2.jpg
.\data\OdaEiichiro\OdaEiichiro_62_001.png
.\data\KanariYozaburo\SatoFumiya_24_007.png
.\data\Naruto\Naruto_34_020_P_1.jpg
.\data\Conan\Conan_48_104_P_1.jpg
.\data\BLEACH\BLEACH_51_107_P_1.jpg
.\data\Conan\Conan_51_069_P_1.jpg
.\data\Naruto\Naruto_44_055_P_1.jpg
.\data\OdaEiichiro\OdaEiichiro_36_07.png
.\data\BLEACH\BLEACH_42_029.png
.\data\Naruto\Naruto_34_037_P_2.jpg
.\data\Conan\Conan_51_112_P_1.jpg
.\data\SorachiHideaki\SorachiHideaki_52_007.png
.\data\Naruto\Naruto_66_066.png
.\data\KanariYozaburo\KanariYozaburo_22_038.png
.\data\Naruto\Naruto_66_006.png
.\data\BLEACH\BLEACH_74_016.png
.\data\BLEACH\Image_008.png
.\data\KanariYozaburo\SatoFumiya_21_058.png
.\data\SorachiHideaki\SorachiHideaki_41_005.PNG
.\data\Naruto\Naruto_58_113_P_1.jpg
.\data\KanariYozaburo\SatoFumiya_00_036.png
.\data\OdaEiichiro\OdaEiichiro_62_058.png
.\data\KanariYozaburo\KanariYozaburo_11_040.jpg
.\data\Conan\Conan_66_087_P_1.jpg
.\data\SorachiHideaki\SorachiHideaki_02_024.png
.\data\BLEACH\Image_018.png
.\data\SorachiHideaki\SorachiHideaki_41_019.PNG
.\data\Conan\Conan_02_023.png
.\data\BLEACH\Image_045.png
.\data\Conan\Conan_61_062_P_1.jpg
.\data\OdaEiichiro\OdaEiichiro_13_047.png
.\data\Naruto\Naruto_66_029.png
.\data\KanariYozaburo\KanariYozaburo_25__027.png
.\data\Naruto\Naruto_50_121_P_4.jpg
.\data\Conan\Conan_01_032.png
.\data\Conan\Conan_69_022_P_1.jpg
.\data\Naruto\Naruto_28_022.png
.\data\Naruto\Naruto_33_0175_P_2.jpg
.\data\SorachiHideaki\SorachiHideaki_01_005.png
.\data\OdaEiichiro\OdaEiichiro_51_039.jpg
.\data\BLEACH\Image_012.png
.\data\SorachiHideaki\SorachiHideaki_31_009.png
.\data\Naruto\Naruto_32_157_P_1.jpg
.\data\SorachiHideaki\SorachiHideaki_31_017.png
.\data\Conan\Conan_02_036.png
.\data\Naruto\Naruto_28_029.png
.\data\Conan\Conan_45_013_P_1.jpg
.\data\Naruto\Naruto_66_063.png
.\data\OdaEiichiro\OdaEiichiro_62_033.png
.\data\Naruto\Naruto_28_066.png
.\data\Naruto\Naruto_42_022_P_1.jpg
.\data\SorachiHideaki\SorachiHideaki_JUMP06.png
.\data\OdaEiichiro\OdaEiichiro_61_005.PNG
.\data\BLEACH\BLEACH_43_018.png
.\data\SorachiHideaki\SorachiHideaki_01_011.png
.\data\KanariYozaburo\KanariYozaburo_22_047.png
.\data\Naruto\Naruto_65_002.png
.\data\BLEACH\BLEACH_41_015.png
.\data\BLEACH\BLEACH_41_039.png
.\data\SorachiHideaki\SorachiHideaki_55_002.png
.\data\BLEACH\BLEACH_42_014.png
.\data\Conan\Conan_42_027_P_1.jpg
.\data\SorachiHideaki\SorachiHideaki_01_006.png
.\data\OdaEiichiro\OdaEiichiro_62_024.png
.\data\BLEACH\BLEACH_53_081_P_1.jpg
.\data\BLEACH\Image_003.png
.\data\SorachiHideaki\SorachiHideaki_51_013.png
.\data\OdaEiichiro\OdaEiichiro_01_013.jpg
.\data\SorachiHideaki\SorachiHideaki_31_016.png
.\data\BLEACH\BLEACH_42_021.png
.\data\OdaEiichiro\OdaEiichiro_50_007.jpg
.\data\Conan\Conan_52_160_P_2.jpg
.\data\OdaEiichiro\OdaEiichiro_26_23.png
.\data\Naruto\Naruto_28_043.png
.\data\Conan\Conan_02_045.png
.\data\OdaEiichiro\OdaEiichiro_62_065.png
.\data\Naruto\Naruto_29_0065_P_1.jpg
.\data\OdaEiichiro\OdaEiichiro_59_001.PNG
.\data\KanariYozaburo\SatoFumiya_21_039.png
.\data\Conan\Conan_61_063_P_1.jpg
.\data\KanariYozaburo\SatoFumiya_00_041.png
.\data\BLEACH\Image_043.png
.\data\SorachiHideaki\SorachiHideaki_11_024.png
.\data\Conan\Conan_57_021_P_1.jpg
.\data\OdaEiichiro\OdaEiichiro_30_01.png
.\data\SorachiHideaki\SorachiHideaki_33_001.jpg
.\data\Naruto\Naruto_50_117_P_1.jpg
.\data\KanariYozaburo\SatoFumiya_24_028.png
.\data\BLEACH\BLEACH_56_021_P_3.jpg
.\data\Conan\Conan_01_008.png
.\data\Conan\Conan_01_002.png
.\data\Conan\Conan_48_056_P_1.jpg
.\data\BLEACH\BLEACH_43_003.png
.\data\BLEACH\BLEACH_41_035.png
.\data\KanariYozaburo\KanariYozaburo_25__006.png
.\data\KanariYozaburo\SatoFumiya_24_019.png
.\data\BLEACH\BLEACH_41_018.png
.\data\Naruto\Naruto_28_017.png
.\data\SorachiHideaki\SorachiHideaki_33_009.jpg
.\data\SorachiHideaki\SorachiHideaki_52_010.png
.\data\KanariYozaburo\SatoFumiya_24_043.png
.\data\BLEACH\BLEACH_15_002.png
.\data\Conan\Conan_68_143_P_1.jpg
.\data\OdaEiichiro\OdaEiichiro_50_007.PNG
.\data\Conan\Conan_68_047_P_1.jpg
.\data\KanariYozaburo\KanariYozaburo_22_048.png
.\data\SorachiHideaki\SorachiHideaki_34_011.png
.\data\KanariYozaburo\KanariYozaburo_25__042.png
.\data\KanariYozaburo\SatoFumiya_21_042.png
.\data\KanariYozaburo\KanariYozaburo_22_030.png
.\data\Conan\Conan_68_142_P_2.jpg
.\data\OdaEiichiro\OdaEiichiro_02_011.png
.\data\Naruto\Naruto_66_046.png
.\data\OdaEiichiro\OdaEiichiro_36_11.png
.\data\Naruto\Naruto_62_120_P_2.jpg
.\data\Naruto\Naruto_30_0025_P_2.jpg
.\data\OdaEiichiro\OdaEiichiro_26_09.png
.\data\Conan\Conan_63_150_P_1.jpg
.\data\SorachiHideaki\SorachiHideaki_52_013.png
.\data\OdaEiichiro\OdaEiichiro_60_002.PNG
.\data\Conan\Conan_61_065_P_1.jpg
.\data\Naruto\Naruto_34_044_P_1.jpg
.\data\OdaEiichiro\OdaEiichiro_61_002.PNG
.\data\BLEACH\BLEACH_46_187_P_1.jpg
.\data\Conan\Conan_69_014_P_1.jpg
.\data\Conan\Conan_42_042_P_1.jpg
.\data\KanariYozaburo\SatoFumiya_20_029.png
.\data\OdaEiichiro\OdaEiichiro_50_017.jpg
.\data\SorachiHideaki\SorachiHideaki_02_019.png
.\data\KanariYozaburo\SatoFumiya_20_005.png
.\data\SorachiHideaki\SorachiHideaki_03_041.png
.\data\SorachiHideaki\SorachiHideaki_41_032.PNG
.\data\KanariYozaburo\KanariYozaburo_25__054.png
.\data\OdaEiichiro\OdaEiichiro_11_014.png
.\data\OdaEiichiro\OdaEiichiro_29_02.png
.\data\Naruto\Naruto_66_052.png
.\data\Conan\Conan_52_160_P_1.jpg
.\data\Conan\Conan_40_094_P_1.jpg
.\data\BLEACH\BLEACH_41_033.png
.\data\SorachiHideaki\SorachiHideaki_41_003.PNG
.\data\OdaEiichiro\OdaEiichiro_26_22.png
.\data\BLEACH\BLEACH_60_180_P_2.jpg
.\data\BLEACH\Image_034.png
.\data\OdaEiichiro\OdaEiichiro_35_07.png
.\data\KanariYozaburo\SatoFumiya_24_055.png
.\data\BLEACH\Image_010.png
.\data\OdaEiichiro\OdaEiichiro_50_003.jpg
.\data\OdaEiichiro\OdaEiichiro_50_015.jpg
.\data\Conan\Conan_55_103_P_1.jpg
.\data\SorachiHideaki\SorachiHideaki_11_046.png
.\data\SorachiHideaki\SorachiHideaki_11_029.png
.\data\Naruto\Naruto_28_002.png
.\data\Naruto\Naruto_57_019_P_1.jpg
.\data\Conan\Conan_02_047.png
.\data\KanariYozaburo\SatoFumiya_24_030.png
.\data\OdaEiichiro\OdaEiichiro_50_004.jpg
.\data\Conan\Conan_01_012.png
.\data\BLEACH\BLEACH_42_024.png
.\data\SorachiHideaki\SorachiHideaki_41_026.PNG
.\data\Naruto\Naruto_32_119_P_1.jpg
.\data\Conan\Conan_69_072_P_1.jpg
.\data\SorachiHideaki\SorachiHideaki_41_049.PNG
.\data\KanariYozaburo\KanariYozaburo_22_036.png
.\data\KanariYozaburo\SatoFumiya_24_046.png
.\data\BLEACH\BLEACH_43_011.png
.\data\BLEACH\BLEACH_51_167_P_2.jpg
.\data\Naruto\Naruto_44_031_P_1.jpg
.\data\BLEACH\BLEACH_41_019.png
.\data\SorachiHideaki\SorachiHideaki_51_014.png
.\data\OdaEiichiro\OdaEiichiro_12_024.png
.\data\KanariYozaburo\KanariYozaburo_22_021.png
.\data\BLEACH\BLEACH_41_041.png
.\data\KanariYozaburo\KanariYozaburo_11_036.jpg
.\data\Conan\Conan_40_078_P_1.jpg
.\data\Naruto\Naruto_66_047.png
.\data\Naruto\Naruto_28_060.png
.\data\Conan\Conan_65_014_Co_1.jpg
.\data\KanariYozaburo\SatoFumiya_24_011.png
.\data\OdaEiichiro\OdaEiichiro_12_026.png
.\data\OdaEiichiro\OdaEiichiro_51_047.jpg
.\data\KanariYozaburo\KanariYozaburo_11_038.jpg
.\data\SorachiHideaki\SorachiHideaki_54_005.jpg
.\data\SorachiHideaki\SorachiHideaki_34_005.png
.\data\Conan\Conan_47_023_P_1.jpg
.\data\OdaEiichiro\OdaEiichiro_30_05.png
.\data\BLEACH\BLEACH_68_048_P_1.PNG
.\data\Naruto\Naruto_28_052.png
.\data\KanariYozaburo\SatoFumiya_24_003.png
.\data\Conan\Conan_66_006_P_1.jpg
.\data\BLEACH\BLEACH_42_008.png
.\data\BLEACH\BLEACH_73_175_P_1.jpg
.\data\KanariYozaburo\SatoFumiya_21_055.png
.\data\Naruto\Naruto_66_049.png
.\data\Conan\Conan_50_021_P_1.jpg
.\data\OdaEiichiro\OdaEiichiro_12_033.png
.\data\Conan\Conan_64_003_P_1.jpg
.\data\BLEACH\BLEACH_JUMP1.png
.\data\OdaEiichiro\OdaEiichiro_62_052.png
.\data\Naruto\Naruto_52_174_P_1.jpg
.\data\Naruto\Naruto_48_055_P_1.jpg
.\data\KanariYozaburo\KanariYozaburo_11_051.jpg
.\data\Naruto\Naruto_66_035.png
.\data\KanariYozaburo\SatoFumiya_20_028.png
.\data\OdaEiichiro\OdaEiichiro_11_008.png
.\data\KanariYozaburo\KanariYozaburo_22_056.png
.\data\Conan\Conan_40_030_P_4.jpg
.\data\Naruto\Naruto_50_114_P_1.jpg
.\data\OdaEiichiro\OdaEiichiro_62_037.png
.\data\Naruto\Naruto_65_023.png
.\data\OdaEiichiro\OdaEiichiro_01_011.jpg
.\data\KanariYozaburo\SatoFumiya_00_015.png
.\data\Naruto\Naruto_31_149_P_1.jpg
.\data\Conan\Conan_70_112_P_1.jpg
.\data\OdaEiichiro\OdaEiichiro_32_02.png
.\data\KanariYozaburo\SatoFumiya_24_001.png
.\data\OdaEiichiro\OdaEiichiro_31_06.png
.\data\Conan\Conan_65_006_P_1.jpg
.\data\BLEACH\BLEACH_15_034.png
.\data\KanariYozaburo\KanariYozaburo_11_033.jpg
.\data\Naruto\Naruto_34_091_P_1.jpg
.\data\Naruto\Naruto_66_008.png
.\data\OdaEiichiro\OdaEiichiro_62_009.png
.\data\BLEACH\BLEACH_15_050.png
.\data\Conan\Conan_01_025.png
.\data\Conan\Conan_55_155_P_1.jpg
.\data\BLEACH\BLEACH_15_021.png
.\data\Conan\Conan_48_141_P_1.jpg
.\data\Naruto\Naruto_30_0043_P_1.jpg
.\data\Naruto\Naruto_28_044.png
.\data\Conan\Conan_56_077_P_1.jpg
.\data\Conan\Conan_66_155_P_1.jpg
.\data\KanariYozaburo\KanariYozaburo_25__048.png
.\data\OdaEiichiro\OdaEiichiro_50_003.PNG
.\data\KanariYozaburo\KanariYozaburo_11_028.jpg
.\data\OdaEiichiro\OdaEiichiro_29_08.png
.\data\SorachiHideaki\SorachiHideaki_52_004.png
.\data\BLEACH\BLEACH_74_025.png
.\data\BLEACH\BLEACH_15_045.png
.\data\SorachiHideaki\SorachiHideaki_02_014.png
.\data\Conan\Conan_01_009.png
.\data\KanariYozaburo\SatoFumiya_24_023.png
.\data\SorachiHideaki\SorachiHideaki_JUMP03.png
.\data\Conan\Conan_68_072_P_1.jpg
.\data\Naruto\Naruto_60_151_P_1.jpg
.\data\Naruto\Naruto_48_035_P_1.jpg
.\data\Conan\Conan_02_020.png
.\data\BLEACH\BLEACH_65_039_P_1.jpg
.\data\KanariYozaburo\KanariYozaburo_25__002.png
.\data\Naruto\Naruto_37_156_P_1.jpg
.\data\SorachiHideaki\SorachiHideaki_54_010.png
.\data\OdaEiichiro\OdaEiichiro_02_014.png
.\data\BLEACH\BLEACH_42_027.png
.\data\Naruto\Naruto_44_150_P_1.jpg
.\data\SorachiHideaki\SorachiHideaki_55_004.jpg
.\data\KanariYozaburo\SatoFumiya_20_022.png
.\data\BLEACH\BLEACH_74_026.png
.\data\Conan\Conan_63_132_P_1.jpg
.\data\Conan\Conan_69_037_P_1.jpg
.\data\BLEACH\BLEACH_58_143_P_1.jpg
.\data\OdaEiichiro\OdaEiichiro_62_057.png
.\data\BLEACH\BLEACH_15_023.png
.\data\KanariYozaburo\SatoFumiya_20_020.png
.\data\Naruto\Naruto_50_123_P_1.jpg
.\data\Conan\Conan_01_034.png
.\data\Naruto\Naruto_28_006.png
.\data\Naruto\Naruto_52_031_P_1.jpg
.\data\BLEACH\BLEACH_74_038.png
.\data\OdaEiichiro\OdaEiichiro_50_032.jpg
.\data\KanariYozaburo\KanariYozaburo_25__059.png
.\data\BLEACH\BLEACH_54_100_P_1.jpg
.\data\KanariYozaburo\KanariYozaburo_11_014.jpg
.\data\OdaEiichiro\OdaEiichiro_50_026.jpg
.\data\OdaEiichiro\OdaEiichiro_02_003.png
.\data\KanariYozaburo\KanariYozaburo_25__063.png
.\data\BLEACH\Image_041.png
.\data\OdaEiichiro\OdaEiichiro_01_016.jpg
.\data\Naruto\Naruto_28_050.png
.\data\BLEACH\BLEACH_15_042.png
.\data\KanariYozaburo\KanariYozaburo_11_012.jpg
.\data\OdaEiichiro\OdaEiichiro_62_044.png
.\data\KanariYozaburo\KanariYozaburo_11_002.jpg
.\data\KanariYozaburo\SatoFumiya_00_017.png
.\data\Naruto\Naruto_28_036.png
.\data\BLEACH\BLEACH_43_020.png
.\data\KanariYozaburo\KanariYozaburo_25__052.png
.\data\Conan\Conan_53_085_P_1.jpg
.\data\OdaEiichiro\OdaEiichiro_62_035.png
.\data\KanariYozaburo\SatoFumiya_20_007.png
.\data\Conan\Conan_70_168_P_1.jpg
.\data\OdaEiichiro\OdaEiichiro_28_01.png
.\data\Conan\Conan_69_064_P_1.jpg
.\data\KanariYozaburo\SatoFumiya_21_050.png
.\data\OdaEiichiro\OdaEiichiro_62_064.png
.\data\Naruto\Naruto_39_0014_P_1.jpg
.\data\SorachiHideaki\SorachiHideaki_52_005.png
.\data\BLEACH\BLEACH_74_002.png
.\data\Naruto\Naruto_64_141_P_1.jpg
.\data\Naruto\Naruto_28_0027_P_1.jpg
.\data\Naruto\Naruto_33_0155_P_1.jpg
.\data\KanariYozaburo\SatoFumiya_24_037.png
.\data\Naruto\Naruto_44_032_P_1.jpg
.\data\BLEACH\BLEACH_15_029.png
.\data\Naruto\Naruto_30_0042_P_1.jpg
.\data\SorachiHideaki\SorachiHideaki_11_008.png
.\data\BLEACH\BLEACH_15_020.png
.\data\Conan\Conan_63_016_P_1.jpg
.\data\BLEACH\Image_038.png
.\data\BLEACH\BLEACH_15_031.png
.\data\KanariYozaburo\SatoFumiya_21_041.png
.\data\Conan\Conan_68_062_P_1.jpg
.\data\Naruto\Naruto_66_044.png
.\data\SorachiHideaki\SorachiHideaki_54_002.png
.\data\KanariYozaburo\SatoFumiya_21_037.png
.\data\Conan\Conan_65_004_P_1.jpg
.\data\Naruto\Naruto_50_108_P_1.jpg
.\data\SorachiHideaki\SorachiHideaki_11_040.png
.\data\Naruto\Naruto_28_023.png
.\data\BLEACH\BLEACH_46_185_P_2.jpg
.\data\Naruto\Naruto_48_081_P_1.jpg
.\data\SorachiHideaki\SorachiHideaki_34_001.jpg
.\data\OdaEiichiro\OdaEiichiro_62_050.png
.\data\Naruto\Naruto_28_069.png
.\data\KanariYozaburo\KanariYozaburo_25__047.png
.\data\OdaEiichiro\OdaEiichiro_34_01.png
.\data\Conan\Conan_47_124_P_1.jpg
.\data\Naruto\Naruto_58_182_P_1.jpg
.\data\OdaEiichiro\OdaEiichiro_61_001.PNG
.\data\Conan\Conan_63_166_P_1.jpg
.\data\KanariYozaburo\SatoFumiya_00_021.png
.\data\BLEACH\BLEACH_43_014.png
.\data\KanariYozaburo\SatoFumiya_00_025.png
.\data\BLEACH\BLEACH_74_014.png
.\data\Conan\Conan_68_057_P_1.jpg
.\data\BLEACH\BLEACH_15_054.png
.\data\BLEACH\BLEACH_52_125_P_2.jpg
.\data\OdaEiichiro\OdaEiichiro_51_040.jpg
.\data\OdaEiichiro\OdaEiichiro_13_046.png
.\data\KanariYozaburo\KanariYozaburo_25__014.png
.\data\OdaEiichiro\OdaEiichiro_51_046.jpg
.\data\Conan\Conan_65_044_Co_1.jpg
.\data\Naruto\Naruto_65_016.png
.\data\KanariYozaburo\SatoFumiya_00_056.png
.\data\Conan\Conan_02_042.png
.\data\OdaEiichiro\OdaEiichiro_29_10.png
.\data\OdaEiichiro\OdaEiichiro_55_004.PNG
.\data\OdaEiichiro\OdaEiichiro_57_003.PNG
.\data\Naruto\Naruto_66_039.png
.\data\OdaEiichiro\OdaEiichiro_11_001.png
.\data\SorachiHideaki\SorachiHideaki_51_012.png
.\data\Conan\Conan_66_134_P_1.jpg
.\data\Naruto\Naruto_53_060_P_1.jpg
.\data\SorachiHideaki\SorachiHideaki_11_004.png
.\data\BLEACH\BLEACH_41_027.png
.\data\Naruto\Naruto_57_161_P_1.jpg
.\data\KanariYozaburo\SatoFumiya_20_006.png
.\data\KanariYozaburo\KanariYozaburo_25__044.png
.\data\OdaEiichiro\OdaEiichiro_02_013.png
.\data\Conan\Conan_49_118_P_1.jpg
.\data\BLEACH\BLEACH_74_023.png
.\data\Naruto\Naruto_30_0173_P_1.jpg
.\data\BLEACH\BLEACH_15_016.png
.\data\Naruto\Naruto_34_066_P_1.jpg
.\data\BLEACH\BLEACH_41_009.png
.\data\OdaEiichiro\OdaEiichiro_62_021.png
.\data\Conan\Conan_43_041_P_1.jpg
.\data\Conan\Conan_53_045_P_2.jpg
.\data\Conan\Conan_02_025.png
.\data\Conan\Conan_57_005_P_1.jpg
.\data\KanariYozaburo\SatoFumiya_24_020.png
.\data\Conan\Conan_01_007.png
.\data\SorachiHideaki\SorachiHideaki_55_006.jpg
.\data\Conan\Conan_56_017_P_1.jpg
.\data\KanariYozaburo\KanariYozaburo_25__016.png
.\data\KanariYozaburo\SatoFumiya_00_001.png
.\data\Conan\Conan_02_034.png
.\data\SorachiHideaki\SorachiHideaki_11_017.png
.\data\Conan\Conan_60_052_P_1.jpg
.\data\KanariYozaburo\SatoFumiya_21_056.png
.\data\OdaEiichiro\OdaEiichiro_62_081.png
.\data\BLEACH\BLEACH_66_004_P_1.png
.\data\SorachiHideaki\SorachiHideaki_41_044.PNG
.\data\SorachiHideaki\SorachiHideaki_31_002.png
.\data\SorachiHideaki\SorachiHideaki_41_013.PNG
.\data\OdaEiichiro\OdaEiichiro_62_049.png
.\data\OdaEiichiro\OdaEiichiro_13_050.png
.\data\KanariYozaburo\SatoFumiya_24_016.png
.\data\OdaEiichiro\OdaEiichiro_02_004.png
.\data\KanariYozaburo\SatoFumiya_00_047.png
.\data\KanariYozaburo\KanariYozaburo_22_031.png
.\data\KanariYozaburo\KanariYozaburo_25__036.png
.\data\OdaEiichiro\OdaEiichiro_12_028.png
.\data\Naruto\Naruto_28_056.png
.\data\KanariYozaburo\KanariYozaburo_25__055.png
.\data\KanariYozaburo\SatoFumiya_00_044.png
.\data\Naruto\Naruto_28_009.png
.\data\Conan\Conan_02_001.png
.\data\OdaEiichiro\OdaEiichiro_02_005.png
.\data\SorachiHideaki\SorachiHideaki_41_040.png
.\data\KanariYozaburo\KanariYozaburo_11_024.jpg
.\data\SorachiHideaki\SorachiHideaki_01_002.png
.\data\Conan\Conan_56_020_P_1.jpg
.\data\Naruto\Naruto_65_007.png
.\data\KanariYozaburo\SatoFumiya_20_031.png
.\data\OdaEiichiro\OdaEiichiro_36_09.png
.\data\BLEACH\BLEACH_43_008.png
.\data\KanariYozaburo\KanariYozaburo_11_010.jpg
.\data\Conan\Conan_02_040.png
.\data\OdaEiichiro\OdaEiichiro_62_076.png
.\data\BLEACH\BLEACH_46_080_P_1.jpg
.\data\OdaEiichiro\OdaEiichiro_31_03.png
.\data\BLEACH\BLEACH_50_009_P_1.jpg
.\data\KanariYozaburo\KanariYozaburo_25__008.png
.\data\Naruto\Naruto_42_076_P_1.jpg
.\data\BLEACH\BLEACH_74_015.png
.\data\SorachiHideaki\SorachiHideaki_33_007.png
.\data\SorachiHideaki\SorachiHideaki_11_021.png
.\data\Conan\Conan_47_020_P_1.jpg
.\data\Naruto\Naruto_64_048_P_1.jpg
.\data\KanariYozaburo\KanariYozaburo_22_033.png
.\data\Naruto\Naruto_66_010.png
.\data\SorachiHideaki\SorachiHideaki_41_014.PNG
.\data\KanariYozaburo\KanariYozaburo_22_039.png
.\data\Naruto\Naruto_28_033.png
.\data\OdaEiichiro\OdaEiichiro_13_049.png
.\data\BLEACH\BLEACH_74_032.png
.\data\KanariYozaburo\KanariYozaburo_22_015.png
.\data\Conan\Conan_66_015_P_1.jpg
.\data\OdaEiichiro\OdaEiichiro_60_001.PNG
.\data\OdaEiichiro\OdaEiichiro_11_009.png
.\data\OdaEiichiro\OdaEiichiro_27_04.png
.\data\KanariYozaburo\KanariYozaburo_11_029.jpg
.\data\OdaEiichiro\OdaEiichiro_55_003.PNG
.\data\Naruto\Naruto_28_020.png
.\data\SorachiHideaki\SorachiHideaki_11_006.png
.\data\BLEACH\BLEACH_74_006.png
.\data\OdaEiichiro\OdaEiichiro_11_011.png
.\data\Conan\Conan_02_013.png
.\data\BLEACH\BLEACH_45_031_P_1.jpg
.\data\KanariYozaburo\KanariYozaburo_22_004.png
.\data\BLEACH\BLEACH_41_017.png
.\data\Conan\Conan_63_165_P_1.jpg
.\data\Naruto\Naruto_32_170_P_1.jpg
.\data\OdaEiichiro\OdaEiichiro_53_001.PNG
.\data\KanariYozaburo\KanariYozaburo_11_003.jpg
.\data\SorachiHideaki\SorachiHideaki_03_046.png
.\data\SorachiHideaki\SorachiHideaki_02_026.png
.\data\Naruto\Naruto_28_0023_P_1.jpg
.\data\SorachiHideaki\SorachiHideaki_31_007.png
.\data\KanariYozaburo\KanariYozaburo_11_048.jpg
.\data\BLEACH\BLEACH_74_008.png
.\data\OdaEiichiro\OdaEiichiro_13_044.png
.\data\BLEACH\Image_002.png
.\data\OdaEiichiro\OdaEiichiro_01_017.jpg
.\data\BLEACH\BLEACH_43_025.png
.\data\KanariYozaburo\SatoFumiya_24_040.png
.\data\KanariYozaburo\SatoFumiya_21_036.png
.\data\Naruto\Naruto_36_0030_P_2.jpg
.\data\OdaEiichiro\OdaEiichiro_51_045.jpg
.\data\SorachiHideaki\SorachiHideaki_55_005.jpg
.\data\KanariYozaburo\SatoFumiya_21_045.png
.\data\OdaEiichiro\OdaEiichiro_62_002.png
.\data\Naruto\Naruto_31_048_P_1.jpg
.\data\Conan\Conan_51_158_P_1.jpg
.\data\BLEACH\BLEACH_41_047.png
.\data\SorachiHideaki\SorachiHideaki_41_034.PNG
.\data\BLEACH\BLEACH_43_009.png
.\data\SorachiHideaki\SorachiHideaki_55_003.jpg
.\data\KanariYozaburo\KanariYozaburo_22_041.png
.\data\KanariYozaburo\SatoFumiya_21_060.png
.\data\OdaEiichiro\OdaEiichiro_26_02.png
.\data\OdaEiichiro\OdaEiichiro_13_045.png
.\data\KanariYozaburo\SatoFumiya_00_020.png
.\data\BLEACH\BLEACH_74_007.png
.\data\KanariYozaburo\KanariYozaburo_22_053.png
.\data\OdaEiichiro\OdaEiichiro_14_052.png
.\data\SorachiHideaki\SorachiHideaki_11_049.png
.\data\Conan\Conan_51_033_P_1.jpg
.\data\Naruto\Naruto_66_053.png
.\data\BLEACH\BLEACH_73_157_P_1.jpg
.\data\KanariYozaburo\KanariYozaburo_22_029.png
.\data\OdaEiichiro\OdaEiichiro_57_006.PNG
.\data\KanariYozaburo\SatoFumiya_24_013.png
.\data\Naruto\Naruto_65_008.png
.\data\BLEACH\Image_026.png
.\data\BLEACH\BLEACH_74_020.png
.\data\BLEACH\Image_037.png
.\data\BLEACH\BLEACH_43_024.png
.\data\KanariYozaburo\KanariYozaburo_11_016.jpg
.\data\Naruto\Naruto_65_003.png
.\data\Naruto\Naruto_44_130_P_1.jpg
.\data\SorachiHideaki\SorachiHideaki_11_037.png
.\data\BLEACH\BLEACH_45_054_P_1.jpg
.\data\BLEACH\BLEACH_15_049.png
.\data\BLEACH\BLEACH_15_004.png
.\data\Naruto\Naruto_40_0062_P_2.JPG
.\data\BLEACH\BLEACH_46_185_P_1.jpg
.\data\Naruto\Naruto_33_0163_P_1.jpg
.\data\BLEACH\Image_013.png
.\data\OdaEiichiro\OdaEiichiro_26_21.png
.\data\KanariYozaburo\KanariYozaburo_11_031.jpg
.\data\BLEACH\BLEACH_55_028_P_1.jpg
.\data\Naruto\Naruto_38_019_P_1.jpg
.\data\SorachiHideaki\SorachiHideaki_41_015.PNG
.\data\SorachiHideaki\SorachiHideaki_41_038.PNG
.\data\KanariYozaburo\KanariYozaburo_11_049.jpg
.\data\KanariYozaburo\SatoFumiya_24_033.png
.\data\BLEACH\BLEACH_51_175_P_1.jpg
.\data\OdaEiichiro\OdaEiichiro_29_01.png
.\data\BLEACH\BLEACH_42_030.png
.\data\BLEACH\BLEACH_15_048.png
.\data\Conan\Conan_02_035.png
.\data\OdaEiichiro\OdaEiichiro_11_003.png
.\data\KanariYozaburo\SatoFumiya_24_021.png
.\data\Naruto\Naruto_66_036.png
.\data\Conan\Conan_02_046.png
.\data\Conan\Conan_44_089_P_3.jpg
.\data\KanariYozaburo\KanariYozaburo_22_020.png
.\data\BLEACH\BLEACH_43_013.png
.\data\Conan\Conan_01_023.png
.\data\KanariYozaburo\KanariYozaburo_11_050.jpg
.\data\KanariYozaburo\KanariYozaburo_25__013.png
.\data\OdaEiichiro\OdaEiichiro_50_027.jpg
.\data\Naruto\Naruto_28_011.png
.\data\Naruto\Naruto_65_025.png
.\data\BLEACH\BLEACH_15_038.png
.\data\BLEACH\BLEACH_41_042.png
.\data\SorachiHideaki\SorachiHideaki_34_010.jpg
.\data\Naruto\Naruto_48_011_P_1.jpg
.\data\KanariYozaburo\KanariYozaburo_25__015.png
.\data\BLEACH\BLEACH_72_131_P_1.jpg
.\data\OdaEiichiro\OdaEiichiro_36_05.png
.\data\Conan\Conan_68_050_P_1.jpg
.\data\BLEACH\BLEACH_43_005.png
.\data\SorachiHideaki\SorachiHideaki_34_009.png
.\data\SorachiHideaki\SorachiHideaki_02_025.png
.\data\BLEACH\BLEACH_41_012.png
.\data\KanariYozaburo\KanariYozaburo_22_011.png
.\data\OdaEiichiro\OdaEiichiro_62_079.png
.\data\BLEACH\BLEACH_41_040.png
.\data\SorachiHideaki\SorachiHideaki_41_029.PNG
.\data\SorachiHideaki\SorachiHideaki_01_004.png
.\data\OdaEiichiro\OdaEiichiro_26_18.png
.\data\SorachiHideaki\SorachiHideaki_35_002.png
.\data\Conan\Conan_64_077_P_1.jpg
.\data\Naruto\Naruto_51_016_P_2.jpg
.\data\SorachiHideaki\SorachiHideaki_01_010.png
.\data\SorachiHideaki\SorachiHideaki_52_014.jpg
.\data\KanariYozaburo\SatoFumiya_20_027.png
.\data\Conan\Conan_49_020_P_1.jpg
.\data\SorachiHideaki\SorachiHideaki_51_011.png
.\data\SorachiHideaki\SorachiHideaki_02_017.png
.\data\Conan\Conan_67_055_P_1.jpg
.\data\BLEACH\BLEACH_45_040_P_1.jpg
.\data\Conan\Conan_63_168_P_1.jpg
.\data\KanariYozaburo\SatoFumiya_24_008.png
.\data\BLEACH\BLEACH_JUMP2.png
.\data\KanariYozaburo\KanariYozaburo_22_060.png
.\data\OdaEiichiro\OdaEiichiro_11_005.png
.\data\Conan\Conan_02_018.png
.\data\OdaEiichiro\OdaEiichiro_62_060.png
.\data\OdaEiichiro\OdaEiichiro_57_004.PNG
.\data\Conan\Conan_55_170_P_1.jpg
.\data\SorachiHideaki\SorachiHideaki_34_012.png
.\data\OdaEiichiro\OdaEiichiro_35_04.png
.\data\KanariYozaburo\SatoFumiya_24_050.png
.\data\Naruto\Naruto_35_115_P_1.jpg
.\data\KanariYozaburo\SatoFumiya_20_012.png
.\data\SorachiHideaki\SorachiHideaki_41_024.PNG
.\data\Conan\Conan_02_044.png
.\data\SorachiHideaki\SorachiHideaki_34_003.jpg
.\data\SorachiHideaki\SorachiHideaki_41_050.PNG
.\data\KanariYozaburo\KanariYozaburo_11_032.jpg
.\data\BLEACH\BLEACH_15_008.png
.\data\BLEACH\BLEACH_41_028.png
.\data\OdaEiichiro\OdaEiichiro_60_006.PNG
.\data\KanariYozaburo\SatoFumiya_00_027.png
.\data\KanariYozaburo\KanariYozaburo_22_054.png
.\data\Naruto\Naruto_28_005.png
.\data\KanariYozaburo\KanariYozaburo_11_021.jpg
.\data\SorachiHideaki\SorachiHideaki_32_005.png
.\data\Naruto\Naruto_65_010.png
.\data\SorachiHideaki\SorachiHideaki_41_046.PNG
.\data\Conan\Conan_01_028.png
.\data\OdaEiichiro\OdaEiichiro_50_002.PNG
.\data\Naruto\Naruto_48_063_P_1.jpg
.\data\Naruto\Naruto_66_001.png
.\data\Conan\Conan_67_056_P_1.jpg
.\data\Conan\Conan_56_080_P_1.jpg
.\data\SorachiHideaki\SorachiHideaki_34_007.png
.\data\KanariYozaburo\SatoFumiya_21_044.png
.\data\SorachiHideaki\SorachiHideaki_03_045.png
.\data\BLEACH\Image_019.png
.\data\BLEACH\Image_020.png
.\data\Naruto\Naruto_48_048_P_1.jpg
.\data\SorachiHideaki\SorachiHideaki_01_009.png
.\data\Conan\Conan_69_025_P_1.jpg
.\data\SorachiHideaki\SorachiHideaki_11_028.png
.\data\OdaEiichiro\OdaEiichiro_11_004.png
.\data\OdaEiichiro\OdaEiichiro_61_008.PNG
.\data\KanariYozaburo\KanariYozaburo_22_055.png
.\data\BLEACH\BLEACH_48_106T_P_2.jpg
.\data\BLEACH\BLEACH_51_194_P_1.jpg
.\data\OdaEiichiro\OdaEiichiro_01_023.jpg
.\data\SorachiHideaki\SorachiHideaki_04_052.png
.\data\KanariYozaburo\SatoFumiya_24_051.png
.\data\SorachiHideaki\SorachiHideaki_51_007.png
.\data\SorachiHideaki\SorachiHideaki_11_022.png
.\data\SorachiHideaki\SorachiHideaki_41_035.PNG
.\data\OdaEiichiro\OdaEiichiro_26_05.png
.\data\OdaEiichiro\OdaEiichiro_50_004.PNG
.\data\Naruto\Naruto_35_120_P_1.jpg
.\data\SorachiHideaki\SorachiHideaki_11_002.png
.\data\KanariYozaburo\SatoFumiya_21_059.png
.\data\Naruto\Naruto_32_018_P_2.jpg
.\data\Conan\Conan_02_037.png
.\data\KanariYozaburo\KanariYozaburo_25__007.png
.\data\OdaEiichiro\OdaEiichiro_12_025.png
.\data\Naruto\Naruto_59_057_P_1.jpg
.\data\OdaEiichiro\OdaEiichiro_62_015.png
.\data\OdaEiichiro\OdaEiichiro_62_074.png
.\data\OdaEiichiro\OdaEiichiro_62_011.png
.\data\KanariYozaburo\SatoFumiya_00_050.png
.\data\Naruto\Naruto_66_033.png
.\data\BLEACH\Image_042.png
.\data\Conan\Conan_47_164_P_1.jpg
.\data\Conan\Conan_66_161_P_1.jpg
.\data\OdaEiichiro\OdaEiichiro_26_14.png
.\data\OdaEiichiro\OdaEiichiro_50_022.jpg
.\data\Naruto\Naruto_66_064.png
.\data\KanariYozaburo\KanariYozaburo_25__039.png
.\data\KanariYozaburo\KanariYozaburo_25__017.png
.\data\Naruto\Naruto_58_137_P_1.jpg
.\data\BLEACH\BLEACH_15_053.png
.\data\BLEACH\BLEACH_15_033.png
.\data\SorachiHideaki\SorachiHideaki_03_044.png
.\data\OdaEiichiro\OdaEiichiro_13_040.png
.\data\BLEACH\BLEACH_43_017.png
.\data\Conan\Conan_59_010_P_1.jpg
.\data\BLEACH\BLEACH_48_047_P_1.jpg
.\data\BLEACH\BLEACH_49_013_P_1.jpg
.\data\KanariYozaburo\KanariYozaburo_11_034.jpg
.\data\SorachiHideaki\SorachiHideaki_11_003.png
.\data\OdaEiichiro\OdaEiichiro_62_012.png
.\data\KanariYozaburo\SatoFumiya_20_002.png
.\data\Conan\Conan_64_057_P_1.jpg
.\data\OdaEiichiro\OdaEiichiro_01_014.jpg
.\data\OdaEiichiro\OdaEiichiro_35_03.png
.\data\KanariYozaburo\KanariYozaburo_25__051.png
.\data\SorachiHideaki\SorachiHideaki_33_003.jpg
.\data\OdaEiichiro\OdaEiichiro_62_077.png
.\data\OdaEiichiro\OdaEiichiro_32_01.png
.\data\Conan\Conan_66_126_P_1.jpg
.\data\Conan\Conan_55_164_P_1.jpg
.\data\OdaEiichiro\OdaEiichiro_28_05.png
.\data\Conan\Conan_69_052_P_1.jpg
.\data\Conan\Conan_66_151_P_2.jpg
.\data\OdaEiichiro\OdaEiichiro_29_07.png
.\data\BLEACH\BLEACH_15_030.png
.\data\KanariYozaburo\SatoFumiya_24_032.png
.\data\Conan\Conan_01_026.png
.\data\BLEACH\BLEACH_44_020_P_4.jpg
.\data\BLEACH\BLEACH_74_012.png
.\data\BLEACH\Image_023.png
.\data\KanariYozaburo\SatoFumiya_00_042.png
.\data\KanariYozaburo\SatoFumiya_24_039.png
.\data\KanariYozaburo\SatoFumiya_00_023.png
.\data\BLEACH\BLEACH_41_036.png
.\data\OdaEiichiro\OdaEiichiro_36_01.png
.\data\OdaEiichiro\OdaEiichiro_29_12.png
.\data\Naruto\Naruto_28_001.png
.\data\Naruto\Naruto_32_031_P_1.jpg
.\data\KanariYozaburo\SatoFumiya_20_024.png
.\data\SorachiHideaki\SorachiHideaki_JUMP08.png
.\data\KanariYozaburo\KanariYozaburo_11_042.jpg
.\data\Conan\Conan_67_007_P_1.jpg
.\data\Naruto\Naruto_50_107_P_1.jpg
.\data\OdaEiichiro\OdaEiichiro_12_036.png
.\data\BLEACH\BLEACH_42_016.png
.\data\KanariYozaburo\KanariYozaburo_22_027.png
.\data\SorachiHideaki\SorachiHideaki_41_027.PNG
.\data\Conan\Conan_69_043_P_1.jpg
.\data\KanariYozaburo\SatoFumiya_00_029.png
.\data\Conan\Conan_01_013.png
.\data\SorachiHideaki\SorachiHideaki_41_037.PNG
.\data\SorachiHideaki\SorachiHideaki_31_006.png
.\data\OdaEiichiro\OdaEiichiro_01_008.jpg
.\data\SorachiHideaki\SorachiHideaki_03_038.png
.\data\SorachiHideaki\SorachiHideaki_02_022.png
.\data\Naruto\Naruto_50_109_P_3.jpg
.\data\Naruto\Naruto_28_014.png
.\data\SorachiHideaki\SorachiHideaki_03_032.png
.\data\OdaEiichiro\OdaEiichiro_13_043.png
.\data\KanariYozaburo\KanariYozaburo_22_013.png
.\data\KanariYozaburo\SatoFumiya_24_005.png
.\data\KanariYozaburo\KanariYozaburo_25__032.png
.\data\SorachiHideaki\SorachiHideaki_31_005.png
.\data\Conan\Conan_40_093_P_2.jpg
.\data\Conan\Conan_64_110_P_1.jpg
.\data\Naruto\Naruto_28_018.png
.\data\Naruto\Naruto_32_064_P_1.jpg
.\data\BLEACH\BLEACH_58_160_P_1.jpg
.\data\Conan\Conan_01_024.png
.\data\Naruto\Naruto_37_160_P_1.jpg
.\data\SorachiHideaki\SorachiHideaki_51_018.png
.\data\Conan\Conan_63_032_P_1.jpg
.\data\Naruto\Naruto_35_161_P_1.jpg
.\data\BLEACH\BLEACH_50_176_P_1.jpg
.\data\OdaEiichiro\OdaEiichiro_36_10.png
.\data\OdaEiichiro\OdaEiichiro_62_072.png
.\data\KanariYozaburo\KanariYozaburo_22_003.png
.\data\KanariYozaburo\SatoFumiya_21_046.png
.\data\Naruto\Naruto_66_051.png
.\data\BLEACH\BLEACH_74_030.png
.\data\KanariYozaburo\SatoFumiya_21_049.png
.\data\OdaEiichiro\OdaEiichiro_50_012.jpg
.\data\OdaEiichiro\OdaEiichiro_26_24.png
.\data\Naruto\Naruto_29_0128_P_1.jpg
.\data\BLEACH\BLEACH_15_057.png
.\data\SorachiHideaki\SorachiHideaki_54_001.png
.\data\Conan\Conan_68_053_P_1.jpg
.\data\KanariYozaburo\KanariYozaburo_25__056.png
.\data\SorachiHideaki\SorachiHideaki_02_015.png
.\data\Conan\Conan_02_030.png
.\data\BLEACH\BLEACH_46_096_P_1.jpg
.\data\KanariYozaburo\SatoFumiya_20_017.png
.\data\OdaEiichiro\OdaEiichiro_02_017.png
.\data\KanariYozaburo\KanariYozaburo_22_040.png
.\data\BLEACH\BLEACH_42_031.png
.\data\Naruto\Naruto_34_122_P_3.jpg
.\data\KanariYozaburo\SatoFumiya_00_045.png
.\data\Naruto\Naruto_47_078_P_1.jpg
.\data\Conan\Conan_69_018_P_1.jpg
.\data\BLEACH\BLEACH_41_029.png
.\data\KanariYozaburo\SatoFumiya_00_009.png
.\data\OdaEiichiro\OdaEiichiro_62_071.png
.\data\KanariYozaburo\KanariYozaburo_22_034.png
.\data\KanariYozaburo\KanariYozaburo_22_049.png
.\data\Naruto\Naruto_46_0135_P_1.jpg
.\data\SorachiHideaki\SorachiHideaki_41_010.PNG
.\data\SorachiHideaki\SorachiHideaki_04_054.png
.\data\OdaEiichiro\OdaEiichiro_01_009.jpg
.\data\Conan\Conan_68_163_P_1.jpg
.\data\Conan\Conan_53_153_P_1.jpg
.\data\Naruto\Naruto_1_001.png
.\data\OdaEiichiro\OdaEiichiro_27_06.png
.\data\KanariYozaburo\SatoFumiya_20_010.png
.\data\OdaEiichiro\OdaEiichiro_02_006.png
.\data\OdaEiichiro\OdaEiichiro_02_008.png
.\data\SorachiHideaki\SorachiHideaki_41_008.PNG
.\data\KanariYozaburo\SatoFumiya_00_006.png
.\data\OdaEiichiro\OdaEiichiro_51_048.jpg
.\data\OdaEiichiro\OdaEiichiro_JUMP1.png
.\data\SorachiHideaki\SorachiHideaki_11_007.png
.\data\Conan\Conan_02_028.png
.\data\OdaEiichiro\OdaEiichiro_31_04.png
.\data\BLEACH\BLEACH_66_118_P_2.png
.\data\Naruto\Naruto_45_0054_P_1.JPG
.\data\KanariYozaburo\KanariYozaburo_25__037.png
.\data\SorachiHideaki\SorachiHideaki_54_003.jpg
.\data\Conan\Conan_52_103_P_1.jpg
.\data\Conan\Conan_02_038.png
.\data\BLEACH\Image_031.png
.\data\KanariYozaburo\KanariYozaburo_22_051.png
.\data\KanariYozaburo\SatoFumiya_24_027.png
.\data\SorachiHideaki\SorachiHideaki_34_004.jpg
.\data\BLEACH\BLEACH_41_026.png
.\data\KanariYozaburo\SatoFumiya_24_004.png
.\data\Naruto\Naruto_29_0111_P_1.jpg
.\data\Conan\Conan_55_167_P_1.jpg
.\data\OdaEiichiro\OdaEiichiro_34_06.png
.\data\BLEACH\BLEACH_15_043.png
.\data\Conan\Conan_01_003.png
.\data\Naruto\Naruto_28_057.png
.\data\Naruto\Naruto_39_0018_P_1.jpg
.\data\OdaEiichiro\OdaEiichiro_51_037.jpg
.\data\Naruto\Naruto_66_027.png
.\data\Naruto\Naruto_66_021.png
.\data\Conan\Conan_41_109_P_1.jpg
.\data\SorachiHideaki\SorachiHideaki_54_008.png
.\data\BLEACH\BLEACH_74_005.png
.\data\BLEACH\BLEACH_69_056_P_1.png
.\data\OdaEiichiro\OdaEiichiro_62_010.png
.\data\SorachiHideaki\SorachiHideaki_41_016.PNG
.\data\Conan\Conan_46_042_P_2.jpg
.\data\BLEACH\Image_014.png
.\data\BLEACH\BLEACH_41_049.png
.\data\SorachiHideaki\SorachiHideaki_04_047.png
.\data\Conan\Conan_59_017_P_1.jpg
.\data\OdaEiichiro\OdaEiichiro_27_10.png
.\data\SorachiHideaki\SorachiHideaki_02_028.png
.\data\SorachiHideaki\SorachiHideaki_41_007.PNG
.\data\Conan\Conan_69_062_P_1.jpg
.\data\OdaEiichiro\OdaEiichiro_13_039.png
.\data\KanariYozaburo\KanariYozaburo_25__011.png
.\data\Naruto\Naruto_66_005.png
.\data\KanariYozaburo\SatoFumiya_24_012.png
.\data\OdaEiichiro\OdaEiichiro_62_026.png
.\data\Naruto\Naruto_28_003.png
.\data\Conan\Conan_63_142_P_2.jpg
.\data\KanariYozaburo\SatoFumiya_24_048.png
.\data\OdaEiichiro\OdaEiichiro_02_002.png
.\data\BLEACH\BLEACH_41_023.png
.\data\Conan\Conan_47_166_P_1.jpg
.\data\OdaEiichiro\OdaEiichiro_62_070.png
.\data\Naruto\Naruto_36_0030_P_1.jpg
.\data\Naruto\Naruto_65_006.png
.\data\Conan\Conan_56_068_P_1.jpg
.\data\OdaEiichiro\OdaEiichiro_51_002.PNG
.\data\Conan\Conan_47_128_P_1.jpg
.\data\BLEACH\BLEACH_43_021.png
.\data\BLEACH\BLEACH_74_028.png
.\data\KanariYozaburo\SatoFumiya_24_041.png
.\data\Naruto\Naruto_29_0153_P_1.jpg
.\data\KanariYozaburo\SatoFumiya_00_038.png
.\data\BLEACH\Image_007.png
.\data\KanariYozaburo\KanariYozaburo_25__033.png
.\data\SorachiHideaki\SorachiHideaki_11_020.png
.\data\Naruto\Naruto_28_051.png
.\data\BLEACH\BLEACH_15_035.png
.\data\BLEACH\BLEACH_47_069_P_2.jpg
.\data\Conan\Conan_55_168_P_1.jpg
.\data\Conan\Conan_01_001.png
.\data\Naruto\Naruto_28_0032_P_1.jpg
.\data\Naruto\Naruto_66_012.png
.\data\Conan\Conan_52_161_P_1.jpg
.\data\OdaEiichiro\OdaEiichiro_35_08.png
.\data\KanariYozaburo\KanariYozaburo_25__005.png
.\data\Conan\Conan_57_069_P_1.jpg
.\data\Naruto\Naruto_53_094_P_1.jpg
.\data\BLEACH\BLEACH_15_025.png
.\data\SorachiHideaki\SorachiHideaki_52_008.png
.\data\OdaEiichiro\OdaEiichiro_30_02.png
.\data\BLEACH\BLEACH_68_003_P_1.PNG
.\data\Conan\Conan_01_018.png
.\data\KanariYozaburo\KanariYozaburo_25__053.png
.\data\OdaEiichiro\OdaEiichiro_62_014.png
.\data\SorachiHideaki\SorachiHideaki_02_023.png
.\data\Conan\Conan_51_071_P_1.jpg
.\data\OdaEiichiro\OdaEiichiro_01_020.jpg
.\data\BLEACH\BLEACH_56_018_P_1.jpg
.\data\Conan\Conan_68_138_P_1.jpg
.\data\KanariYozaburo\SatoFumiya_00_034.png
.\data\OdaEiichiro\OdaEiichiro_62_075.png
.\data\KanariYozaburo\KanariYozaburo_11_007.jpg
.\data\Conan\Conan_61_063_P_2.jpg
.\data\Conan\Conan_01_005.png
.\data\Naruto\Naruto_28_030.png
.\data\Conan\Conan_01_021.png
.\data\SorachiHideaki\SorachiHideaki_03_042.png
.\data\Naruto\Naruto_30_0158+0159_P_1.jpg
.\data\Naruto\Naruto_58_018_P_1.jpg
.\data\KanariYozaburo\SatoFumiya_00_033.png
.\data\OdaEiichiro\OdaEiichiro_50_006.PNG
.\data\Conan\Conan_47_055_P_1.jpg
.\data\Conan\Conan_02_019.png
.\data\KanariYozaburo\SatoFumiya_24_024.png
.\data\OdaEiichiro\OdaEiichiro_11_006.png
.\data\Conan\Conan_02_029.png
.\data\BLEACH\BLEACH_41_016.png
.\data\SorachiHideaki\SorachiHideaki_41_041.PNG
.\data\BLEACH\BLEACH_74_040.png
.\data\OdaEiichiro\OdaEiichiro_36_12.png
.\data\Naruto\Naruto_52_052_P_2.jpg
.\data\Conan\Conan_01_017.png
.\data\Conan\Conan_63_177_P_2.jpg
.\data\KanariYozaburo\KanariYozaburo_22_014.png
.\data\Conan\Conan_63_043_P_1.jpg
.\data\OdaEiichiro\OdaEiichiro_30_06.png
.\data\BLEACH\Image_044.png
.\data\OdaEiichiro\OdaEiichiro_62_006.png
.\data\Conan\Conan_51_074_P_1.jpg
.\data\Naruto\Naruto_28_007.png
.\data\BLEACH\Image_024.png
.\data\Conan\Conan_65_015_Co_6.jpg
.\data\Naruto\Naruto_65_018.png
.\data\KanariYozaburo\SatoFumiya_20_011.png
.\data\OdaEiichiro\OdaEiichiro_11_019.png
.\data\Conan\Conan_01_010.png
.\data\KanariYozaburo\SatoFumiya_20_009.png
.\data\BLEACH\BLEACH_41_010.png
.\data\Conan\Conan_67_056_P_2.jpg
.\data\SorachiHideaki\SorachiHideaki_33_002.jpg
.\data\KanariYozaburo\SatoFumiya_24_017.png
.\data\Conan\Conan_63_015_P_1.jpg
.\data\BLEACH\BLEACH_74_011.png
.\data\Naruto\Naruto_66_048.png
.\data\KanariYozaburo\KanariYozaburo_22_026.png
.\data\OdaEiichiro\OdaEiichiro_62_008.png
.\data\Naruto\Naruto_53_071_P_2.jpg
.\data\OdaEiichiro\OdaEiichiro_30_04.png
.\data\Naruto\Naruto_34_037_P_3.jpg
.\data\SorachiHideaki\SorachiHideaki_32_003.jpg
.\data\BLEACH\BLEACH_42_020.png
.\data\KanariYozaburo\KanariYozaburo_22_025.png
.\data\BLEACH\Image_049.png
.\data\Conan\Conan_65_065_P_1.jpg
.\data\Conan\Conan_02_031.png
.\data\SorachiHideaki\SorachiHideaki_35_005.png
.\data\Naruto\Naruto_29_0138_P_1.jpg
.\data\Naruto\Naruto_65_004.png
.\data\Conan\Conan_60_048_P_1.jpg
.\data\Naruto\Naruto_65_026.png
.\data\SorachiHideaki\SorachiHideaki_11_035.png
.\data\SorachiHideaki\SorachiHideaki_01_001.png
.\data\Conan\Conan_67_106_P_1.jpg
.\data\SorachiHideaki\SorachiHideaki_11_027.png
.\data\KanariYozaburo\KanariYozaburo_11_017.jpg
.\data\KanariYozaburo\SatoFumiya_24_034.png
.\data\Naruto\Naruto_52_020_P_1.jpg
.\data\Conan\Conan_02_005.png
.\data\OdaEiichiro\OdaEiichiro_28_03.png
.\data\BLEACH\Image_040.png
.\data\Naruto\Naruto_33_0175_P_1.jpg
.\data\KanariYozaburo\KanariYozaburo_11_047.jpg
.\data\SorachiHideaki\SorachiHideaki_31_011.jpg
.\data\OdaEiichiro\OdaEiichiro_36_06.png
.\data\Naruto\Naruto_28_040.png
.\data\SorachiHideaki\SorachiHideaki_11_026.png
.\data\SorachiHideaki\SorachiHideaki_11_033.png
.\data\OdaEiichiro\OdaEiichiro_26_20.png
.\data\Naruto\Naruto_65_005.png
.\data\BLEACH\BLEACH_41_022.png
.\data\SorachiHideaki\SorachiHideaki_03_037.png
.\data\OdaEiichiro\OdaEiichiro_11_012.png
.\data\Naruto\Naruto_30_0039_P_1.jpg
.\data\BLEACH\Image_021.png
.\data\KanariYozaburo\KanariYozaburo_25__003.png
.\data\Naruto\Naruto_66_015.png
.\data\Naruto\Naruto_66_038.png
.\data\SorachiHideaki\SorachiHideaki_11_043.png
.\data\OdaEiichiro\OdaEiichiro_36_04.png
.\data\KanariYozaburo\SatoFumiya_20_033.png
.\data\OdaEiichiro\OdaEiichiro_29_03.png
.\data\BLEACH\BLEACH_16_002.png
.\data\OdaEiichiro\OdaEiichiro_01_004.jpg
.\data\BLEACH\Image_027.png
.\data\KanariYozaburo\KanariYozaburo_22_032.png
.\data\BLEACH\BLEACH_15_006.png
.\data\SorachiHideaki\SorachiHideaki_41_045.PNG
.\data\Conan\Conan_63_119_P_1.jpg
.\data\Conan\Conan_01_031.png
.\data\BLEACH\BLEACH_41_002.png
.\data\Conan\Conan_55_132_P_1.jpg
.\data\BLEACH\BLEACH_16_003.png
.\data\SorachiHideaki\SorachiHideaki_54_006.jpg
.\data\BLEACH\BLEACH_41_048.png
.\data\KanariYozaburo\SatoFumiya_21_048.png
.\data\OdaEiichiro\OdaEiichiro_61_006.PNG
.\data\Conan\Conan_62_042_P_1.jpg
.\data\OdaEiichiro\OdaEiichiro_50_031.jpg
.\data\BLEACH\Image_032.png
.\data\Naruto\Naruto_50_114_P_2.jpg
.\data\KanariYozaburo\SatoFumiya_24_054.png
.\data\Conan\Conan_02_026.png
.\data\OdaEiichiro\OdaEiichiro_26_11.png
.\data\Naruto\Naruto_42_074_P_1.jpg
.\data\Naruto\Naruto_57_013_P_3.jpg
.\data\SorachiHideaki\SorachiHideaki_52_003.png
.\data\OdaEiichiro\OdaEiichiro_29_11.png
.\data\BLEACH\BLEACH_42_006.png
.\data\Naruto\Naruto_28_0164_P_1.jpg
.\data\BLEACH\BLEACH_65_126_P_2.jpg
.\data\KanariYozaburo\SatoFumiya_00_049.png
.\data\BLEACH\BLEACH_74_031.png
.\data\Conan\Conan_67_045_P_1.jpg
.\data\SorachiHideaki\SorachiHideaki_41_023.PNG
.\data\KanariYozaburo\SatoFumiya_00_048.png
.\data\OdaEiichiro\OdaEiichiro_12_031.png
.\data\Naruto\Naruto_49_165_P_1.jpg
.\data\Naruto\Naruto_53_016_P_2.jpg
.\data\OdaEiichiro\OdaEiichiro_51_049.jpg
.\data\OdaEiichiro\OdaEiichiro_62_022.png
.\data\SorachiHideaki\SorachiHideaki_11_036.png
.\data\SorachiHideaki\SorachiHideaki_52_002.jpg
.\data\SorachiHideaki\SorachiHideaki_54_009.jpg
.\data\KanariYozaburo\KanariYozaburo_25__004.png
.\data\OdaEiichiro\OdaEiichiro_27_02.png
.\data\KanariYozaburo\KanariYozaburo_22_008.png
.\data\Conan\Conan_42_180_P_1.jpg
.\data\OdaEiichiro\OdaEiichiro_26_08.png
.\data\Conan\Conan_60_006_P_1.jpg
.\data\KanariYozaburo\KanariYozaburo_22_007.png
.\data\BLEACH\BLEACH_15_055.png
.\data\BLEACH\BLEACH_68_151_P_1.PNG
.\data\BLEACH\BLEACH_41_008.png
.\data\Conan\Conan_02_033.png
.\data\OdaEiichiro\OdaEiichiro_31_07.png
.\data\SorachiHideaki\SorachiHideaki_11_012.png
.\data\OdaEiichiro\OdaEiichiro_26_07.png
.\data\KanariYozaburo\SatoFumiya_20_025.png
.\data\KanariYozaburo\SatoFumiya_24_029.png
.\data\OdaEiichiro\OdaEiichiro_60_005.PNG
.\data\BLEACH\BLEACH_15_036.png
.\data\Naruto\Naruto_35_031_P_1.jpg
.\data\SorachiHideaki\SorachiHideaki_32_004.jpg
.\data\SorachiHideaki\SorachiHideaki_51_002.png
.\data\KanariYozaburo\KanariYozaburo_25__066.png
.\data\KanariYozaburo\SatoFumiya_21_038.png
.\data\Conan\Conan_02_015.png
.\data\Naruto\Naruto_36_0026_P_1.jpg
.\data\OdaEiichiro\OdaEiichiro_27_09.png
.\data\BLEACH\BLEACH_43_023.png
.\data\BLEACH\BLEACH_42_019.png
.\data\Naruto\Naruto_66_003.png
.\data\Naruto\Naruto_50_109_P_2.jpg
.\data\Conan\Conan_62_049_P_1.jpg
.\data\Conan\Conan_65_089_P_1.jpg
.\data\Conan\Conan_01_035.png
.\data\OdaEiichiro\OdaEiichiro_11_002.png
.\data\Conan\Conan_46_044_P_1.jpg
.\data\BLEACH\BLEACH_69_089_P_1.png
.\data\KanariYozaburo\KanariYozaburo_22_057.png
.\data\Naruto\Naruto_66_054.png
.\data\Naruto\Naruto_30_0155_P_1.jpg
.\data\OdaEiichiro\OdaEiichiro_02_009.png
.\data\Naruto\Naruto_46_0146_P_1.jpg
.\data\Conan\Conan_64_088_P_1.jpg
.\data\Naruto\Naruto_37_040_P_1.jpg
.\data\Naruto\Naruto_35_018_P_1.jpg
.\data\BLEACH\BLEACH_49_069_P_1.jpg
.\data\OdaEiichiro\OdaEiichiro_02_018.png
.\data\Conan\Conan_45_068_P_1.jpg
.\data\OdaEiichiro\OdaEiichiro_02_021.png
.\data\BLEACH\Image_025.png
.\data\OdaEiichiro\OdaEiichiro_62_073.png
.\data\Conan\Conan_47_089_P_1.jpg
.\data\Conan\Conan_62_010_P_1.jpg
.\data\Conan\Conan_02_012.png
.\data\KanariYozaburo\SatoFumiya_00_043.png
.\data\SorachiHideaki\SorachiHideaki_33_010.png
.\data\Naruto\Naruto_66_014.png
.\data\OdaEiichiro\OdaEiichiro_62_039.png
.\data\Conan\Conan_66_152_P_1.jpg
.\data\Naruto\Naruto_58_082_P_2.jpg
.\data\SorachiHideaki\SorachiHideaki_41_018.PNG
.\data\BLEACH\BLEACH_45_004_P_2.jpg
.\data\OdaEiichiro\OdaEiichiro_50_002.jpg
.\data\BLEACH\BLEACH_74_024.png
.\data\Conan\Conan_53_113_P_1.jpg
.\data\BLEACH\BLEACH_43_001.png
.\data\Conan\Conan_01_039.png
.\data\OdaEiichiro\OdaEiichiro_62_030.png
.\data\SorachiHideaki\SorachiHideaki_33_008.jpg
.\data\SorachiHideaki\SorachiHideaki_11_030.png
.\data\Conan\Conan_54_046_P_1.jpg
.\data\Naruto\Naruto_34_039_P_1.jpg
.\data\BLEACH\BLEACH_42_005.png
.\data\Naruto\Naruto_34_039_P_2.jpg
.\data\OdaEiichiro\OdaEiichiro_26_15.png
.\data\SorachiHideaki\SorachiHideaki_41_036.PNG
.\data\OdaEiichiro\OdaEiichiro_02_010.png
.\data\BLEACH\BLEACH_74_001.png
.\data\OdaEiichiro\OdaEiichiro_59_003.PNG
.\data\OdaEiichiro\OdaEiichiro_56_003.PNG
.\data\BLEACH\BLEACH_42_017.png
.\data\BLEACH\BLEACH_45_094_P_1.jpg
.\data\SorachiHideaki\SorachiHideaki_03_029.png
.\data\Conan\Conan_66_161_P_2.jpg
.\data\SorachiHideaki\SorachiHideaki_11_018.png
.\data\Naruto\Naruto_65_017.png
.\data\Conan\Conan_60_090_P_1.jpg
.\data\BLEACH\BLEACH_43_002.png
.\data\SorachiHideaki\SorachiHideaki_31_008.png
.\data\SorachiHideaki\SorachiHideaki_41_033.PNG
.\data\Naruto\Naruto_28_035.png
.\data\SorachiHideaki\SorachiHideaki_01_003.png
.\data\Naruto\Naruto_65_022.png
.\data\SorachiHideaki\SorachiHideaki_54_007.jpg
.\data\Conan\Conan_02_048.png
.\data\SorachiHideaki\SorachiHideaki_03_040.png
.\data\BLEACH\BLEACH_59_148_P_1.jpg
.\data\Conan\Conan_40_106_P_1.jpg
.\data\BLEACH\BLEACH_41_046.png
.\data\OdaEiichiro\OdaEiichiro_29_06.png
.\data\BLEACH\BLEACH_74_022.png
.\data\BLEACH\BLEACH_74_021.png
.\data\KanariYozaburo\KanariYozaburo_22_028.png
.\data\Naruto\Naruto_66_065.png
.\data\Naruto\Naruto_65_021.png
.\data\SorachiHideaki\SorachiHideaki_04_053.png
.\data\OdaEiichiro\OdaEiichiro_29_09.png
.\data\Naruto\Naruto_32_135_P_1.jpg
.\data\OdaEiichiro\OdaEiichiro_62_034.png
.\data\KanariYozaburo\KanariYozaburo_11_011.jpg
.\data\Naruto\Naruto_34_161_P_1.jpg
.\data\BLEACH\BLEACH_68_036_P_1.PNG
.\data\Conan\Conan_70_156_P_1.jpg
.\data\SorachiHideaki\SorachiHideaki_31_013.png
.\data\Naruto\Naruto_53_018_P_2.jpg
.\data\KanariYozaburo\KanariYozaburo_11_005.jpg
.\data\Naruto\Naruto_50_121_P_2.jpg
.\data\KanariYozaburo\KanariYozaburo_22_046.png
.\data\SorachiHideaki\SorachiHideaki_11_050.png
.\data\OdaEiichiro\OdaEiichiro_27_07.png
.\data\Conan\Conan_63_134_P_1.jpg
.\data\KanariYozaburo\KanariYozaburo_22_019.png
.\data\Naruto\Naruto_34_056_P_2.jpg
.\data\BLEACH\BLEACH_43_016.png
.\data\Conan\Conan_01_030.png
.\data\SorachiHideaki\SorachiHideaki_JUMP04.png
.\data\BLEACH\BLEACH_54_120_P_2.jpg
.\data\Naruto\Naruto_32_044_P_2.jpg
.\data\Naruto\Naruto_28_028.png
.\data\KanariYozaburo\SatoFumiya_00_013.png
.\data\SorachiHideaki\SorachiHideaki_JUMP09.png
.\data\SorachiHideaki\SorachiHideaki_03_031.png
.\data\KanariYozaburo\SatoFumiya_00_024.png
.\data\Conan\Conan_01_037.png
.\data\KanariYozaburo\SatoFumiya_21_054.png
.\data\OdaEiichiro\OdaEiichiro_26_13.png
.\data\KanariYozaburo\KanariYozaburo_25__021.png
.\data\Conan\Conan_54_091_P_1.jpg
.\data\SorachiHideaki\SorachiHideaki_35_003.png
.\data\Conan\Conan_01_011.png
.\data\KanariYozaburo\SatoFumiya_24_025.png
.\data\Naruto\Naruto_66_045.png
.\data\KanariYozaburo\KanariYozaburo_11_026.jpg
.\data\Naruto\Naruto_65_020.png
.\data\OdaEiichiro\OdaEiichiro_62_027.png
.\data\Conan\Conan_01_033.png
.\data\BLEACH\BLEACH_45_055_P_1.jpg
.\data\OdaEiichiro\OdaEiichiro_26_10.png