.\data\OdaEiichiro\OdaEiichiro_32_03.png
.\data\OdaEiichiro\OdaEiichiro_01_018.jpg
.\data\Conan\Conan_63_086_P_1.jpg
.\data\Naruto\Naruto_44_045_P_1.jpg
.\data\Naruto\Naruto_66_040.png
.\data\KanariYozaburo\KanariYozaburo_11_052.jpg
.\data\Conan\Conan_55_174_P_1.jpg
.\data\BLEACH\BLEACH_41_021.png
.\data\Naruto\Naruto_52_070_P_1.jpg
.\data\BLEACH\BLEACH_15_047.png
.\data\OdaEiichiro\OdaEiichiro_12_030.png
.\data\KanariYozaburo\KanariYozaburo_25__019.png
.\data\Naruto\Naruto_28_026.png
.\data\SorachiHideaki\SorachiHideaki_41_009.PNG
.\data\SorachiHideaki\SorachiHideaki_JUMP05.png
.\data\Conan\Conan_01_036.png
.\data\KanariYozaburo\KanariYozaburo_11_001.jpg
.\data\BLEACH\BLEACH_15_019.png
.\data\KanariYozaburo\KanariYozaburo_25__064.png
.\data\KanariYozaburo\SatoFumiya_20_003.png
.\data\BLEACH\Image_005.png
.\data\BLEACH\Image_015.png
.\data\Conan\Conan_56_085_P_1.jpg
.\data\KanariYozaburo\SatoFumiya_21_051.png
.\data\SorachiHideaki\SorachiHideaki_41_031.PNG
.\data\Naruto\Naruto_45_0055_P_1.JPG
.\data\KanariYozaburo\KanariYozaburo_25__023.png
.\data\BLEACH\BLEACH_49_035_P_1.jpg
.\data\BLEACH\BLEACH_15_058.png
.\data\OdaEiichiro\OdaEiichiro_59_004.PNG
.\data\Conan\Conan_67_097_P_2.jpg
.\data\KanariYozaburo\KanariYozaburo_22_023.png
.\data\OdaEiichiro\OdaEiichiro_62_019.png
.\data\KanariYozaburo\KanariYozaburo_11_043.jpg
.\data\KanariYozaburo\SatoFumiya_20_014.png
.\data\OdaEiichiro\OdaEiichiro_26_16.png
.\data\Conan\Conan_01_038.png
.\data\Naruto\Naruto_33_0152_P_1.jpg
.\data\Conan\Conan_59_060_P_1.jpg
.\data\KanariYozaburo\KanariYozaburo_11_054.jpg
.\data\KanariYozaburo\SatoFumiya_00_014.png
.\data\KanariYozaburo\KanariYozaburo_25__012.png
.\data\KanariYozaburo\SatoFumiya_20_026.png
.\data\OdaEiichiro\OdaEiichiro_62_003.png
.\data\SorachiHideaki\SorachiHideaki_11_039.png
.\data\Conan\Conan_64_035_P_1.jpg
.\data\KanariYozaburo\SatoFumiya_24_038.png
.\data\BLEACH\Image_001.png
.\data\BLEACH\BLEACH_68_133_P_1.PNG
.\data\BLEACH\BLEACH_41_005.png
.\data\KanariYozaburo\SatoFumiya_24_002.png
.\data\OdaEiichiro\OdaEiichiro_50_005.PNG
.\data\SorachiHideaki\SorachiHideaki_03_036.png
.\data\BLEACH\BLEACH_15_041.png
.\data\BLEACH\BLEACH_15_027.png
.\data\BLEACH\BLEACH_43_022.png
.\data\OdaEiichiro\OdaEiichiro_62_059.png
.\data\Naruto\Naruto_28_021.png
.\data\Conan\Conan_47_090_P_1.jpg
.\data\Naruto\Naruto_66_042.png
.\data\OdaEiichiro\OdaEiichiro_62_005.png
.\data\Conan\Conan_02_011.png
.\data\Naruto\Naruto_51_178_P_1.jpg
.\data\OdaEiichiro\OdaEiichiro_13_038.png
.\data\Conan\Conan_01_019.png
.\data\KanariYozaburo\KanariYozaburo_11_013.jpg
.\data\Conan\Conan_46_057_P_2.jpg
.\data\OdaEiichiro\OdaEiichiro_34_05.png
.\data\Conan\Conan_65_059_P_1.jpg
.\data\KanariYozaburo\SatoFumiya_00_052.png
.\data\OdaEiichiro\OdaEiichiro_62_066.png
.\data\BLEACH\BLEACH_74_027.png
.\data\BLEACH\BLEACH_15_018.png
.\data\Naruto\Naruto_66_023.png
.\data\Naruto\Naruto_66_062.png
.\data\Conan\Conan_64_021_P_1.jpg
.\data\OdaEiichiro\OdaEiichiro_01_005.jpg
.\data\KanariYozaburo\KanariYozaburo_25__041.png
.\data\Conan\Conan_44_089_P_1.jpg
.\data\KanariYozaburo\SatoFumiya_24_053.png
.\data\Naruto\Naruto_54_015_P_1.jpg
.\data\SorachiHideaki\SorachiHideaki_34_002.png
.\data\SorachiHideaki\SorachiHideaki_41_022.PNG
.\data\BLEACH\BLEACH_15_015.png
.\data\SorachiHideaki\SorachiHideaki_35_001.png
.\data\OdaEiichiro\OdaEiichiro_51_044.jpg
.\data\BLEACH\BLEACH_42_004.png
.\data\KanariYozaburo\SatoFumiya_00_054.png
.\data\Conan\Conan_58_149_P_1.jpg
.\data\Naruto\Naruto_34_176_P_2.jpg
.\data\KanariYozaburo\KanariYozaburo_25__050.png
.\data\Naruto\Naruto_35_156_P_1.jpg
.\data\BLEACH\BLEACH_15_046.png
.\data\Conan\Conan_66_155_P_3.jpg
.\data\Conan\Conan_53_045_P_1.jpg
.\data\BLEACH\BLEACH_41_011.png
.\data\OdaEiichiro\OdaEiichiro_34_03.png
.\data\OdaEiichiro\OdaEiichiro_01_010.jpg
.\data\OdaEiichiro\OdaEiichiro_62_063.png
.\data\BLEACH\BLEACH_42_013.png
.\data\OdaEiichiro\OdaEiichiro_51_042.jpg
.\data\Conan\Conan_64_109_P_1.jpg
.\data\Conan\Conan_02_002.png
.\data\Naruto\Naruto_58_190_P_1.jpg
.\data\SorachiHideaki\SorachiHideaki_41_048.PNG
.\data\OdaEiichiro\OdaEiichiro_31_05.png
.\data\BLEACH\BLEACH_42_023.png
.\data\OdaEiichiro\OdaEiichiro_55_005.PNG
.\data\KanariYozaburo\KanariYozaburo_25__057.png
.\data\SorachiHideaki\SorachiHideaki_35_004.png
.\data\Conan\Conan_02_041.png
.\data\Naruto\Naruto_30_0050_P_1.jpg
.\data\BLEACH\Image_048.png
.\data\OdaEiichiro\OdaEiichiro_26_17.png
.\data\Naruto\Naruto_66_002.png
.\data\OdaEiichiro\OdaEiichiro_30_03.png
.\data\KanariYozaburo\SatoFumiya_24_047.png
.\data\Naruto\Naruto_32_011_P_1.jpg
.\data\Naruto\Naruto_66_011.png
.\data\OdaEiichiro\OdaEiichiro_01_021.jpg
.\data\OdaEiichiro\OdaEiichiro_62_028.png
.\data\OdaEiichiro\OdaEiichiro_26_01.png
.\data\BLEACH\BLEACH_15_051.png
.\data\BLEACH\BLEACH_41_037.png
.\data\Conan\Conan_52_142_P_1.jpg
.\data\Naruto\Naruto_28_061.png
.\data\OdaEiichiro\OdaEiichiro_62_042.png
.\data\Conan\Conan_70_105_P_1.jpg
.\data\SorachiHideaki\SorachiHideaki_11_032.png
.\data\Naruto\Naruto_36_0175_P_1.jpg
.\data\Naruto\Naruto_44_184_P_1.jpg
.\data\KanariYozaburo\KanariYozaburo_25__020.png
.\data\Conan\Conan_51_084_P_1.jpg
.\data\Conan\Conan_58_128_P_1.jpg
.\data\OdaEiichiro\OdaEiichiro_61_007.PNG
.\data\Conan\Conan_55_177_P_1.jpg
.\data\SorachiHideaki\SorachiHideaki_02_020.png
.\data\BLEACH\BLEACH_41_014.png
.\data\Naruto\Naruto_66_057.png
.\data\OdaEiichiro\OdaEiichiro_62_078.png
.\data\BLEACH\BLEACH_74_009.png
.\data\Naruto\Naruto_28_0026_P_1.jpg
.\data\OdaEiichiro\OdaEiichiro_02_016.png
.\data\OdaEiichiro\OdaEiichiro_54_001.PNG
.\data\OdaEiichiro\OdaEiichiro_12_034.png
.\data\BLEACH\BLEACH_41_020.png
.\data\OdaEiichiro\OdaEiichiro_02_024.png
.\data\OdaEiichiro\OdaEiichiro_61_003.PNG
.\data\Conan\Conan_65_012_P_1.jpg
.\data\OdaEiichiro\OdaEiichiro_62_056.png
.\data\BLEACH\BLEACH_60_127_P_1.jpg
.\data\Naruto\Naruto_66_018.png
.\data\Conan\Conan_02_043.png
.\data\Naruto\Naruto_28_070.png
.\data\KanariYozaburo\SatoFumiya_00_046.png
.\data\KanariYozaburo\SatoFumiya_00_040.png
.\data\Naruto\Naruto_59_054_P_1.jpg
.\data\BLEACH\Image_047.png
.\data\Conan\Conan_02_032.png
.\data\KanariYozaburo\SatoFumiya_00_030.png
.\data\Conan\Conan_68_173_P_1.jpg
.\data\OdaEiichiro\OdaEiichiro_59_002.PNG
.\data\Naruto\Naruto_28_054.png
.\data\SorachiHideaki\SorachiHideaki_03_033.png
.\data\SorachiHideaki\SorachiHideaki_41_001.PNG
.\data\KanariYozaburo\KanariYozaburo_11_044.jpg
.\data\Conan\Conan_63_092_P_1.jpg
.\data\OdaEiichiro\OdaEiichiro_62_046.png
.\data\BLEACH\BLEACH_15_037.png
.\data\SorachiHideaki\SorachiHideaki_54_004.jpg
.\data\BLEACH\BLEACH_41_003.png
.\data\OdaEiichiro\OdaEiichiro_01_019.jpg
.\data\Conan\Conan_60_087_P_1.jpg
.\data\KanariYozaburo\KanariYozaburo_11_008.jpg
.\data\KanariYozaburo\KanariYozaburo_22_052.png
.\data\Naruto\Naruto_28_071.png
.\data\KanariYozaburo\SatoFumiya_00_055.png
.\data\KanariYozaburo\SatoFumiya_24_045.png
.\data\KanariYozaburo\KanariYozaburo_11_035.jpg
.\data\KanariYozaburo\SatoFumiya_24_009.png
.\data\OdaEiichiro\OdaEiichiro_62_004.png
.\data\Conan\Conan_68_137_P_1.jpg
.\data\Conan\Conan_65_071_P_1.jpg
.\data\OdaEiichiro\OdaEiichiro_53_003.PNG
.\data\SorachiHideaki\SorachiHideaki_51_004.png
.\data\BLEACH\BLEACH_41_001.png
.\data\OdaEiichiro\OdaEiichiro_11_015.png
.\data\OdaEiichiro\OdaEiichiro_30_08.png
.\data\KanariYozaburo\KanariYozaburo_11_027.jpg
.\data\OdaEiichiro\OdaEiichiro_26_03.png
.\data\KanariYozaburo\KanariYozaburo_11_046.jpg
.\data\KanariYozaburo\SatoFumiya_00_016.png
.\data\SorachiHideaki\SorachiHideaki_11_011.png
.\data\Naruto\Naruto_28_015.png
.\data\OdaEiichiro\OdaEiichiro_12_032.png